Archive member included to satisfy reference by file (symbol)

/Applications/STM32CubeIDE.app/Contents/Eclipse/plugins/com.st.stm32cube.ide.mcu.externaltools.gnu-tools-for-stm32.13.3.rel1.macos64_1.0.0.202411102158/tools/bin/../lib/gcc/arm-none-eabi/13.3.1/../../../../arm-none-eabi/lib/thumb/v7e-m+fp/hard/libc_nano.a(libc_a-exit.o)
                              /Applications/STM32CubeIDE.app/Contents/Eclipse/plugins/com.st.stm32cube.ide.mcu.externaltools.gnu-tools-for-stm32.13.3.rel1.macos64_1.0.0.202411102158/tools/bin/../lib/gcc/arm-none-eabi/13.3.1/../../../../arm-none-eabi/lib/thumb/v7e-m+fp/hard/crt0.o (exit)
/Applications/STM32CubeIDE.app/Contents/Eclipse/plugins/com.st.stm32cube.ide.mcu.externaltools.gnu-tools-for-stm32.13.3.rel1.macos64_1.0.0.202411102158/tools/bin/../lib/gcc/arm-none-eabi/13.3.1/../../../../arm-none-eabi/lib/thumb/v7e-m+fp/hard/libc_nano.a(libc_a-findfp.o)
                              /Applications/STM32CubeIDE.app/Contents/Eclipse/plugins/com.st.stm32cube.ide.mcu.externaltools.gnu-tools-for-stm32.13.3.rel1.macos64_1.0.0.202411102158/tools/bin/../lib/gcc/arm-none-eabi/13.3.1/../../../../arm-none-eabi/lib/thumb/v7e-m+fp/hard/libc_nano.a(libc_a-exit.o) (__stdio_exit_handler)
/Applications/STM32CubeIDE.app/Contents/Eclipse/plugins/com.st.stm32cube.ide.mcu.externaltools.gnu-tools-for-stm32.13.3.rel1.macos64_1.0.0.202411102158/tools/bin/../lib/gcc/arm-none-eabi/13.3.1/../../../../arm-none-eabi/lib/thumb/v7e-m+fp/hard/libc_nano.a(libc_a-fwalk.o)
                              /Applications/STM32CubeIDE.app/Contents/Eclipse/plugins/com.st.stm32cube.ide.mcu.externaltools.gnu-tools-for-stm32.13.3.rel1.macos64_1.0.0.202411102158/tools/bin/../lib/gcc/arm-none-eabi/13.3.1/../../../../arm-none-eabi/lib/thumb/v7e-m+fp/hard/libc_nano.a(libc_a-findfp.o) (_fwalk_sglue)
/Applications/STM32CubeIDE.app/Contents/Eclipse/plugins/com.st.stm32cube.ide.mcu.externaltools.gnu-tools-for-stm32.13.3.rel1.macos64_1.0.0.202411102158/tools/bin/../lib/gcc/arm-none-eabi/13.3.1/../../../../arm-none-eabi/lib/thumb/v7e-m+fp/hard/libc_nano.a(libc_a-memset.o)
                              /Applications/STM32CubeIDE.app/Contents/Eclipse/plugins/com.st.stm32cube.ide.mcu.externaltools.gnu-tools-for-stm32.13.3.rel1.macos64_1.0.0.202411102158/tools/bin/../lib/gcc/arm-none-eabi/13.3.1/../../../../arm-none-eabi/lib/thumb/v7e-m+fp/hard/crt0.o (memset)
/Applications/STM32CubeIDE.app/Contents/Eclipse/plugins/com.st.stm32cube.ide.mcu.externaltools.gnu-tools-for-stm32.13.3.rel1.macos64_1.0.0.202411102158/tools/bin/../lib/gcc/arm-none-eabi/13.3.1/../../../../arm-none-eabi/lib/thumb/v7e-m+fp/hard/libc_nano.a(libc_a-errno.o)
                              ./Core/Src/syscalls.o (__errno)
/Applications/STM32CubeIDE.app/Contents/Eclipse/plugins/com.st.stm32cube.ide.mcu.externaltools.gnu-tools-for-stm32.13.3.rel1.macos64_1.0.0.202411102158/tools/bin/../lib/gcc/arm-none-eabi/13.3.1/../../../../arm-none-eabi/lib/thumb/v7e-m+fp/hard/libc_nano.a(libc_a-init.o)
                              /Applications/STM32CubeIDE.app/Contents/Eclipse/plugins/com.st.stm32cube.ide.mcu.externaltools.gnu-tools-for-stm32.13.3.rel1.macos64_1.0.0.202411102158/tools/bin/../lib/gcc/arm-none-eabi/13.3.1/../../../../arm-none-eabi/lib/thumb/v7e-m+fp/hard/crt0.o (__libc_init_array)
/Applications/STM32CubeIDE.app/Contents/Eclipse/plugins/com.st.stm32cube.ide.mcu.externaltools.gnu-tools-for-stm32.13.3.rel1.macos64_1.0.0.202411102158/tools/bin/../lib/gcc/arm-none-eabi/13.3.1/../../../../arm-none-eabi/lib/thumb/v7e-m+fp/hard/libc_nano.a(libc_a-lock.o)
                              /Applications/STM32CubeIDE.app/Contents/Eclipse/plugins/com.st.stm32cube.ide.mcu.externaltools.gnu-tools-for-stm32.13.3.rel1.macos64_1.0.0.202411102158/tools/bin/../lib/gcc/arm-none-eabi/13.3.1/../../../../arm-none-eabi/lib/thumb/v7e-m+fp/hard/libc_nano.a(libc_a-findfp.o) (__retarget_lock_init_recursive)
/Applications/STM32CubeIDE.app/Contents/Eclipse/plugins/com.st.stm32cube.ide.mcu.externaltools.gnu-tools-for-stm32.13.3.rel1.macos64_1.0.0.202411102158/tools/bin/../lib/gcc/arm-none-eabi/13.3.1/../../../../arm-none-eabi/lib/thumb/v7e-m+fp/hard/libc_nano.a(libc_a-impure.o)
                              /Applications/STM32CubeIDE.app/Contents/Eclipse/plugins/com.st.stm32cube.ide.mcu.externaltools.gnu-tools-for-stm32.13.3.rel1.macos64_1.0.0.202411102158/tools/bin/../lib/gcc/arm-none-eabi/13.3.1/../../../../arm-none-eabi/lib/thumb/v7e-m+fp/hard/libc_nano.a(libc_a-errno.o) (_impure_ptr)
/Applications/STM32CubeIDE.app/Contents/Eclipse/plugins/com.st.stm32cube.ide.mcu.externaltools.gnu-tools-for-stm32.13.3.rel1.macos64_1.0.0.202411102158/tools/bin/../lib/gcc/arm-none-eabi/13.3.1/../../../../arm-none-eabi/lib/thumb/v7e-m+fp/hard/libc_nano.a(libc_a-memcpy-stub.o)
                              ./Core/Src/ICM45686.o (memcpy)
[...]
Memory Configuration

Name             Origin             Length             Attributes
RAM              0x20000000         0x00020000         xrw
FLASH            0x08000000         0x00080000         xr
*default*        0x00000000         0xffffffff

Linker script and memory map

LOAD /Applications/STM32CubeIDE.app/Contents/Eclipse/plugins/com.st.stm32cube.ide.mcu.externaltools.gnu-tools-for-stm32.13.3.rel1.macos64_1.0.0.202411102158/tools/bin/../lib/gcc/arm-none-eabi/13.3.1/thumb/v7e-m+fp/hard/crti.o
LOAD /Applications/STM32CubeIDE.app/Contents/Eclipse/plugins/com.st.stm32cube.ide.mcu.externaltools.gnu-tools-for-stm32.13.3.rel1.macos64_1.0.0.202411102158/tools/bin/../lib/gcc/arm-none-eabi/13.3.1/thumb/v7e-m+fp/hard/crtbegin.o
LOAD /Applications/STM32CubeIDE.app/Contents/Eclipse/plugins/com.st.stm32cube.ide.mcu.externaltools.gnu-tools-for-stm32.13.3.rel1.macos64_1.0.0.202411102158/tools/bin/../lib/gcc/arm-none-eabi/13.3.1/../../../../arm-none-eabi/lib/thumb/v7e-m+fp/hard/crt0.o
LOAD ./Core/Src/ICM45686.o
LOAD ./Core/Src/LIS2MDL.o
LOAD ./Core/Src/SensorFusion.o
LOAD ./Core/Src/main.o
LOAD ./Core/Src/stm32f4xx_hal_msp.o
LOAD ./Core/Src/stm32f4xx_it.o
LOAD ./Core/Src/syscalls.o
LOAD ./Core/Src/sysmem.o
LOAD ./Core/Src/system_stm32f4xx.o
LOAD ./Core/Startup/startup_stm32f411ceux.o
LOAD ./Drivers/STM32F4xx_HAL_Driver/Src/stm32f4xx_hal.o
LOAD ./Drivers/STM32F4xx_HAL_Driver/Src/stm32f4xx_hal_cortex.o
LOAD ./Drivers/STM32F4xx_HAL_Driver/Src/stm32f4xx_hal_crc.o
LOAD ./Drivers/STM32F4xx_HAL_Driver/Src/stm32f4xx_hal_dma.o
LOAD ./Drivers/STM32F4xx_HAL_Driver/Src/stm32f4xx_hal_dma_ex.o
LOAD ./Drivers/STM32F4xx_HAL_Driver/Src/stm32f4xx_hal_exti.o
LOAD ./Drivers/STM32F4xx_HAL_Driver/Src/stm32f4xx_hal_flash.o
LOAD ./Drivers/STM32F4xx_HAL_Driver/Src/stm32f4xx_hal_flash_ex.o
LOAD ./Drivers/STM32F4xx_HAL_Driver/Src/stm32f4xx_hal_flash_ramfunc.o
LOAD ./Drivers/STM32F4xx_HAL_Driver/Src/stm32f4xx_hal_gpio.o
LOAD ./Drivers/STM32F4xx_HAL_Driver/Src/stm32f4xx_hal_pcd.o
LOAD ./Drivers/STM32F4xx_HAL_Driver/Src/stm32f4xx_hal_pcd_ex.o
LOAD ./Drivers/STM32F4xx_HAL_Driver/Src/stm32f4xx_hal_pwr.o
LOAD ./Drivers/STM32F4xx_HAL_Driver/Src/stm32f4xx_hal_pwr_ex.o
LOAD ./Drivers/STM32F4xx_HAL_Driver/Src/stm32f4xx_hal_rcc.o
LOAD ./Drivers/STM32F4xx_HAL_Driver/Src/stm32f4xx_hal_rcc_ex.o
LOAD ./Drivers/STM32F4xx_HAL_Driver/Src/stm32f4xx_hal_spi.o
LOAD ./Drivers/STM32F4xx_HAL_Driver/Src/stm32f4xx_ll_usb.o
START GROUP
LOAD /Applications/STM32CubeIDE.app/Contents/Eclipse/plugins/com.st.stm32cube.ide.mcu.externaltools.gnu-tools-for-stm32.13.3.rel1.macos64_1.0.0.202411102158/tools/bin/../lib/gcc/arm-none-eabi/13.3.1/../../../../arm-none-eabi/lib/thumb/v7e-m+fp/hard/libc_nano.a
LOAD /Applications/STM32CubeIDE.app/Contents/Eclipse/plugins/com.st.stm32cube.ide.mcu.externaltools.gnu-tools-for-stm32.13.3.rel1.macos64_1.0.0.202411102158/tools/bin/../lib/gcc/arm-none-eabi/13.3.1/../../../../arm-none-eabi/lib/thumb/v7e-m+fp/hard/libm.a
END GROUP
START GROUP
LOAD /Applications/STM32CubeIDE.app/Contents/Eclipse/plugins/com.st.stm32cube.ide.mcu.externaltools.gnu-tools-for-stm32.13.3.rel1.macos64_1.0.0.202411102158/tools/bin/../lib/gcc/arm-none-eabi/13.3.1/thumb/v7e-m+fp/hard/libgcc.a
LOAD /Applications/STM32CubeIDE.app/Contents/Eclipse/plugins/com.st.stm32cube.ide.mcu.externaltools.gnu-tools-for-stm32.13.3.rel1.macos64_1.0.0.202411102158/tools/bin/../lib/gcc/arm-none-eabi/13.3.1/../../../../arm-none-eabi/lib/thumb/v7e-m+fp/hard/libc_nano.a
END GROUP
START GROUP
LOAD /Applications/STM32CubeIDE.app/Contents/Eclipse/plugins/com.st.stm32cube.ide.mcu.externaltools.gnu-tools-for-stm32.13.3.rel1.macos64_1.0.0.202411102158/tools/bin/../lib/gcc/arm-none-eabi/13.3.1/thumb/v7e-m+fp/hard/libgcc.a
LOAD /Applications/STM32CubeIDE.app/Contents/Eclipse/plugins/com.st.stm32cube.ide.mcu.externaltools.gnu-tools-for-stm32.13.3.rel1.macos64_1.0.0.202411102158/tools/bin/../lib/gcc/arm-none-eabi/13.3.1/../../../../arm-none-eabi/lib/thumb/v7e-m+fp/hard/libc_nano.a
LOAD /Applications/STM32CubeIDE.app/Contents/Eclipse/plugins/com.st.stm32cube.ide.mcu.externaltools.gnu-tools-for-stm32.13.3.rel1.macos64_1.0.0.202411102158/tools/bin/../lib/gcc/arm-none-eabi/13.3.1/../../../../arm-none-eabi/lib/thumb/v7e-m+fp/hard/libnosys.a
END GROUP
START GROUP
LOAD /Applications/STM32CubeIDE.app/Contents/Eclipse/plugins/com.st.stm32cube.ide.mcu.externaltools.gnu-tools-for-stm32.13.3.rel1.macos64_1.0.0.202411102158/tools/bin/../lib/gcc/arm-none-eabi/13.3.1/thumb/v7e-m+fp/hard/libgcc.a
LOAD /Applications/STM32CubeIDE.app/Contents/Eclipse/plugins/com.st.stm32cube.ide.mcu.externaltools.gnu-tools-for-stm32.13.3.rel1.macos64_1.0.0.202411102158/tools/bin/../lib/gcc/arm-none-eabi/13.3.1/../../../../arm-none-eabi/lib/thumb/v7e-m+fp/hard/libc_nano.a
LOAD /Applications/STM32CubeIDE.app/Contents/Eclipse/plugins/com.st.stm32cube.ide.mcu.externaltools.gnu-tools-for-stm32.13.3.rel1.macos64_1.0.0.202411102158/tools/bin/../lib/gcc/arm-none-eabi/13.3.1/../../../../arm-none-eabi/lib/thumb/v7e-m+fp/hard/libnosys.a
END GROUP
LOAD /Applications/STM32CubeIDE.app/Contents/Eclipse/plugins/com.st.stm32cube.ide.mcu.externaltools.gnu-tools-for-stm32.13.3.rel1.macos64_1.0.0.202411102158/tools/bin/../lib/gcc/arm-none-eabi/13.3.1/thumb/v7e-m+fp/hard/crtend.o
LOAD /Applications/STM32CubeIDE.app/Contents/Eclipse/plugins/com.st.stm32cube.ide.mcu.externaltools.gnu-tools-for-stm32.13.3.rel1.macos64_1.0.0.202411102158/tools/bin/../lib/gcc/arm-none-eabi/13.3.1/thumb/v7e-m+fp/hard/crtn.o
                0x20020000                        _estack = (ORIGIN (RAM) + LENGTH (RAM))
                0x00000200                        _Min_Heap_Size = 0x200
                0x00000400                        _Min_Stack_Size = 0x400

.isr_vector     0x08000000      0x198
                0x08000000                        . = ALIGN (0x4)
 *(.isr_vector)
 .isr_vector    0x08000000      0x198 ./Core/Startup/startup_stm32f411ceux.o
                0x08000000                g_pfnVectors
                0x08000198                        . = ALIGN (0x4)

.text           0x08000198     0x41d8
                0x08000198                        . = ALIGN (0x4)
 *(.text)
 .text          0x08000198       0x40 /Applications/STM32CubeIDE.app/Contents/Eclipse/plugins/com.st.stm32cube.ide.mcu.externaltools.gnu-tools-for-stm32.13.3.rel1.macos64_1.0.0.202411102158/tools/bin/../lib/gcc/arm-none-eabi/13.3.1/thumb/v7e-m+fp/hard/crtbegin.o
 .text          0x080001d8       0x30 /Applications/STM32CubeIDE.app/Contents/Eclipse/plugins/com.st.stm32cube.ide.mcu.externaltools.gnu-tools-for-stm32.13.3.rel1.macos64_1.0.0.202411102158/tools/bin/../lib/gcc/arm-none-eabi/13.3.1/thumb/v7e-m+fp/hard/libgcc.a(_aeabi_uldivmod.o)
                0x080001d8                __aeabi_uldivmod
 .text          0x08000208      0x2f8 /Applications/STM32CubeIDE.app/Contents/Eclipse/plugins/com.st.stm32cube.ide.mcu.externaltools.gnu-tools-for-stm32.13.3.rel1.macos64_1.0.0.202411102158/tools/bin/../lib/gcc/arm-none-eabi/13.3.1/thumb/v7e-m+fp/hard/libgcc.a(_udivmoddi4.o)
                0x08000208                __udivmoddi4
 .text          0x08000500        0x4 /Applications/STM32CubeIDE.app/Contents/Eclipse/plugins/com.st.stm32cube.ide.mcu.externaltools.gnu-tools-for-stm32.13.3.rel1.macos64_1.0.0.202411102158/tools/bin/../lib/gcc/arm-none-eabi/13.3.1/thumb/v7e-m+fp/hard/libgcc.a(_dvmd_tls.o)
                0x08000500                __aeabi_ldiv0
                0x08000500                __aeabi_idiv0
 *(.text*)
 .text.icm45686_init
                0x08000504       0xdc ./Core/Src/ICM45686.o
                0x08000504                icm45686_init
 .text.icm45686_read_who_am_i
                0x080005e0       0x30 ./Core/Src/ICM45686.o
                0x080005e0                icm45686_read_who_am_i
 .text.icm45686_read_raw_data
                0x08000610       0xe4 ./Core/Src/ICM45686.o
                0x08000610                icm45686_read_raw_data
 .text.icm45686_read_scaled_data
                0x080006f4       0xfe ./Core/Src/ICM45686.o
                0x080006f4                icm45686_read_scaled_data
 .text.icm45686_soft_reset
                0x080007f2       0x3e ./Core/Src/ICM45686.o
                0x080007f2                icm45686_soft_reset
 .text.icm45686_set_accel_fsr
                0x08000830       0x8a ./Core/Src/ICM45686.o
                0x08000830                icm45686_set_accel_fsr
 .text.icm45686_set_gyro_fsr
                0x080008ba       0x8a ./Core/Src/ICM45686.o
                0x080008ba                icm45686_set_gyro_fsr
 .text.icm45686_set_accel_odr
                0x08000944       0x78 ./Core/Src/ICM45686.o
                0x08000944                icm45686_set_accel_odr
 .text.icm45686_set_gyro_odr
                0x080009bc       0x78 ./Core/Src/ICM45686.o
                0x080009bc                icm45686_set_gyro_odr
 .text.icm45686_set_power_mode
                0x08000a34       0x6c ./Core/Src/ICM45686.o
                0x08000a34                icm45686_set_power_mode
 .text.icm45686_write_register
                0x08000aa0       0x7e ./Core/Src/ICM45686.o
 .text.icm45686_read_register
                0x08000b1e       0x4e ./Core/Src/ICM45686.o
 .text.icm45686_read_registers_dma
                0x08000b6c       0xfc ./Core/Src/ICM45686.o
 .text.icm45686_cs_low
                0x08000c68       0x3c ./Core/Src/ICM45686.o
 .text.icm45686_cs_high
                0x08000ca4       0x20 ./Core/Src/ICM45686.o
 .text.icm45686_calculate_accel_scale
                0x08000cc4       0x82 ./Core/Src/ICM45686.o
 *fill*         0x08000d46        0x2 
 .text.icm45686_calculate_gyro_scale
                0x08000d48       0xd4 ./Core/Src/ICM45686.o
 .text.icm45686_convert_temperature
                0x08000e1c       0x48 ./Core/Src/ICM45686.o
 .text.icm45686_verify_device_id
                0x08000e64       0x3e ./Core/Src/ICM45686.o
 .text.icm45686_configure_device
                0x08000ea2       0x94 ./Core/Src/ICM45686.o
 .text.icm45686_config_int1
                0x08000f36       0x48 ./Core/Src/ICM45686.o
                0x08000f36                icm45686_config_int1
 *fill*         0x08000f7e        0x2 
 .text.HAL_SPI_TxRxCpltCallback
                0x08000f80       0x20 ./Core/Src/ICM45686.o
                0x08000f80                HAL_SPI_TxRxCpltCallback
 .text.HAL_SPI_ErrorCallback
                0x08000fa0       0x20 ./Core/Src/ICM45686.o
                0x08000fa0                HAL_SPI_ErrorCallback
 .text.imu_init
                0x08000fc0       0x7c ./Core/Src/main.o
                0x08000fc0                imu_init
 .text.main     0x0800103c       0x48 ./Core/Src/main.o
                0x0800103c                main
 .text.SystemClock_Config
                0x08001084       0xd0 ./Core/Src/main.o
                0x08001084                SystemClock_Config
 .text.MX_CRC_Init
                0x08001154       0x28 ./Core/Src/main.o
 .text.MX_SPI1_Init
                0x0800117c       0x6c ./Core/Src/main.o
 .text.MX_USB_OTG_FS_PCD_Init
                0x080011e8       0x5c ./Core/Src/main.o
 .text.MX_DMA_Init
                0x08001244       0x50 ./Core/Src/main.o
 .text.MX_GPIO_Init
                0x08001294       0xec ./Core/Src/main.o
 .text.HAL_GPIO_EXTI_Callback
                0x08001380       0x28 ./Core/Src/main.o
                0x08001380                HAL_GPIO_EXTI_Callback
 .text.Error_Handler
                0x080013a8        0xc ./Core/Src/main.o
                0x080013a8                Error_Handler
 .text.HAL_MspInit
                0x080013b4       0x50 ./Core/Src/stm32f4xx_hal_msp.o
                0x080013b4                HAL_MspInit
 .text.HAL_CRC_MspInit
                0x08001404       0x44 ./Core/Src/stm32f4xx_hal_msp.o
                0x08001404                HAL_CRC_MspInit
 .text.HAL_SPI_MspInit
                0x08001448      0x15c ./Core/Src/stm32f4xx_hal_msp.o
                0x08001448                HAL_SPI_MspInit
 .text.HAL_PCD_MspInit
                0x080015a4       0x98 ./Core/Src/stm32f4xx_hal_msp.o
                0x080015a4                HAL_PCD_MspInit
 .text.NMI_Handler
                0x0800163c        0x8 ./Core/Src/stm32f4xx_it.o
                0x0800163c                NMI_Handler
 .text.HardFault_Handler
                0x08001644        0x8 ./Core/Src/stm32f4xx_it.o
                0x08001644                HardFault_Handler
 .text.MemManage_Handler
                0x0800164c        0x8 ./Core/Src/stm32f4xx_it.o
                0x0800164c                MemManage_Handler
 .text.BusFault_Handler
                0x08001654        0x8 ./Core/Src/stm32f4xx_it.o
                0x08001654                BusFault_Handler
 .text.UsageFault_Handler
                0x0800165c        0x8 ./Core/Src/stm32f4xx_it.o
                0x0800165c                UsageFault_Handler
 .text.SVC_Handler
                0x08001664        0xe ./Core/Src/stm32f4xx_it.o
                0x08001664                SVC_Handler
 .text.DebugMon_Handler
                0x08001672        0xe ./Core/Src/stm32f4xx_it.o
                0x08001672                DebugMon_Handler
 .text.PendSV_Handler
                0x08001680        0xe ./Core/Src/stm32f4xx_it.o
                0x08001680                PendSV_Handler
 .text.SysTick_Handler
                0x0800168e        0xc ./Core/Src/stm32f4xx_it.o
                0x0800168e                SysTick_Handler
 .text.EXTI0_IRQHandler
                0x0800169a        0xe ./Core/Src/stm32f4xx_it.o
                0x0800169a                EXTI0_IRQHandler
 .text.DMA2_Stream0_IRQHandler
                0x080016a8       0x14 ./Core/Src/stm32f4xx_it.o
                0x080016a8                DMA2_Stream0_IRQHandler
 .text.DMA2_Stream2_IRQHandler
                0x080016bc       0x14 ./Core/Src/stm32f4xx_it.o
                0x080016bc                DMA2_Stream2_IRQHandler
 .text.SystemInit
                0x080016d0       0x24 ./Core/Src/system_stm32f4xx.o
                0x080016d0                SystemInit
 .text.Reset_Handler
                0x080016f4       0x50 ./Core/Startup/startup_stm32f411ceux.o
                0x080016f4                Reset_Handler
 .text.Default_Handler
                0x08001744        0x2 ./Core/Startup/startup_stm32f411ceux.o
                0x08001744                DMA1_Stream3_IRQHandler
                0x08001744                EXTI2_IRQHandler
                0x08001744                SPI4_IRQHandler
                0x08001744                TIM1_CC_IRQHandler
                0x08001744                DMA2_Stream5_IRQHandler
                0x08001744                DMA1_Stream5_IRQHandler
                0x08001744                PVD_IRQHandler
                0x08001744                SDIO_IRQHandler
                0x08001744                TAMP_STAMP_IRQHandler
                0x08001744                EXTI3_IRQHandler
                0x08001744                TIM1_UP_TIM10_IRQHandler
                0x08001744                I2C3_ER_IRQHandler
                0x08001744                I2C2_EV_IRQHandler
                0x08001744                DMA1_Stream2_IRQHandler
                0x08001744                FPU_IRQHandler
                0x08001744                SPI1_IRQHandler
                0x08001744                TIM1_BRK_TIM9_IRQHandler
                0x08001744                DMA2_Stream3_IRQHandler
                0x08001744                USART6_IRQHandler
                0x08001744                TIM4_IRQHandler
                0x08001744                I2C1_EV_IRQHandler
                0x08001744                DMA1_Stream6_IRQHandler
                0x08001744                DMA1_Stream1_IRQHandler
                0x08001744                TIM3_IRQHandler
                0x08001744                RCC_IRQHandler
                0x08001744                Default_Handler
                0x08001744                EXTI15_10_IRQHandler
                0x08001744                ADC_IRQHandler
                0x08001744                DMA1_Stream7_IRQHandler
                0x08001744                SPI5_IRQHandler
                0x08001744                TIM5_IRQHandler
                0x08001744                DMA2_Stream7_IRQHandler
                0x08001744                I2C3_EV_IRQHandler
                0x08001744                EXTI9_5_IRQHandler
                0x08001744                RTC_WKUP_IRQHandler
                0x08001744                SPI2_IRQHandler
                0x08001744                DMA1_Stream0_IRQHandler
                0x08001744                EXTI4_IRQHandler
                0x08001744                WWDG_IRQHandler
                0x08001744                TIM2_IRQHandler
                0x08001744                OTG_FS_WKUP_IRQHandler
                0x08001744                TIM1_TRG_COM_TIM11_IRQHandler
                0x08001744                EXTI1_IRQHandler
                0x08001744                USART2_IRQHandler
                0x08001744                I2C2_ER_IRQHandler
                0x08001744                DMA2_Stream1_IRQHandler
                0x08001744                FLASH_IRQHandler
                0x08001744                DMA2_Stream4_IRQHandler
                0x08001744                USART1_IRQHandler
                0x08001744                OTG_FS_IRQHandler
                0x08001744                SPI3_IRQHandler
                0x08001744                DMA1_Stream4_IRQHandler
                0x08001744                I2C1_ER_IRQHandler
                0x08001744                DMA2_Stream6_IRQHandler
                0x08001744                RTC_Alarm_IRQHandler
 *fill*         0x08001746        0x2 
 .text.HAL_Init
                0x08001748       0x44 ./Drivers/STM32F4xx_HAL_Driver/Src/stm32f4xx_hal.o
                0x08001748                HAL_Init
 .text.HAL_InitTick
                0x0800178c       0x60 ./Drivers/STM32F4xx_HAL_Driver/Src/stm32f4xx_hal.o
                0x0800178c                HAL_InitTick
 .text.HAL_IncTick
                0x080017ec       0x28 ./Drivers/STM32F4xx_HAL_Driver/Src/stm32f4xx_hal.o
                0x080017ec                HAL_IncTick
 .text.HAL_GetTick
                0x08001814       0x18 ./Drivers/STM32F4xx_HAL_Driver/Src/stm32f4xx_hal.o
                0x08001814                HAL_GetTick
 .text.HAL_Delay
                0x0800182c       0x48 ./Drivers/STM32F4xx_HAL_Driver/Src/stm32f4xx_hal.o
                0x0800182c                HAL_Delay
 .text.__NVIC_SetPriorityGrouping
                0x08001874       0x48 ./Drivers/STM32F4xx_HAL_Driver/Src/stm32f4xx_hal_cortex.o
 .text.__NVIC_GetPriorityGrouping
                0x080018bc       0x1c ./Drivers/STM32F4xx_HAL_Driver/Src/stm32f4xx_hal_cortex.o
 .text.__NVIC_EnableIRQ
                0x080018d8       0x3c ./Drivers/STM32F4xx_HAL_Driver/Src/stm32f4xx_hal_cortex.o
 .text.__NVIC_SetPriority
                0x08001914       0x54 ./Drivers/STM32F4xx_HAL_Driver/Src/stm32f4xx_hal_cortex.o
 .text.NVIC_EncodePriority
                0x08001968       0x66 ./Drivers/STM32F4xx_HAL_Driver/Src/stm32f4xx_hal_cortex.o
 *fill*         0x080019ce        0x2 
 .text.SysTick_Config
                0x080019d0       0x44 ./Drivers/STM32F4xx_HAL_Driver/Src/stm32f4xx_hal_cortex.o
 .text.HAL_NVIC_SetPriorityGrouping
                0x08001a14       0x16 ./Drivers/STM32F4xx_HAL_Driver/Src/stm32f4xx_hal_cortex.o
                0x08001a14                HAL_NVIC_SetPriorityGrouping
 .text.HAL_NVIC_SetPriority
                0x08001a2a       0x38 ./Drivers/STM32F4xx_HAL_Driver/Src/stm32f4xx_hal_cortex.o
                0x08001a2a                HAL_NVIC_SetPriority
 .text.HAL_NVIC_EnableIRQ
                0x08001a62       0x1c ./Drivers/STM32F4xx_HAL_Driver/Src/stm32f4xx_hal_cortex.o
                0x08001a62                HAL_NVIC_EnableIRQ
 .text.HAL_SYSTICK_Config
                0x08001a7e       0x18 ./Drivers/STM32F4xx_HAL_Driver/Src/stm32f4xx_hal_cortex.o
                0x08001a7e                HAL_SYSTICK_Config
 .text.HAL_CRC_Init
                0x08001a96       0x38 ./Drivers/STM32F4xx_HAL_Driver/Src/stm32f4xx_hal_crc.o
                0x08001a96                HAL_CRC_Init
 *fill*         0x08001ace        0x2 
 .text.HAL_DMA_Init
                0x08001ad0      0x15c ./Drivers/STM32F4xx_HAL_Driver/Src/stm32f4xx_hal_dma.o
                0x08001ad0                HAL_DMA_Init
 .text.HAL_DMA_Start_IT
                0x08001c2c       0xb0 ./Drivers/STM32F4xx_HAL_Driver/Src/stm32f4xx_hal_dma.o
                0x08001c2c                HAL_DMA_Start_IT
 .text.HAL_DMA_IRQHandler
                0x08001cdc      0x314 ./Drivers/STM32F4xx_HAL_Driver/Src/stm32f4xx_hal_dma.o
                0x08001cdc                HAL_DMA_IRQHandler
 .text.DMA_SetConfig
                0x08001ff0       0x5c ./Drivers/STM32F4xx_HAL_Driver/Src/stm32f4xx_hal_dma.o
 .text.DMA_CalcBaseAndBitshift
                0x0800204c       0x6c ./Drivers/STM32F4xx_HAL_Driver/Src/stm32f4xx_hal_dma.o
 .text.DMA_CheckFifoParam
                0x080020b8       0xf8 ./Drivers/STM32F4xx_HAL_Driver/Src/stm32f4xx_hal_dma.o
 .text.HAL_GPIO_Init
                0x080021b0      0x308 ./Drivers/STM32F4xx_HAL_Driver/Src/stm32f4xx_hal_gpio.o
                0x080021b0                HAL_GPIO_Init
 .text.HAL_GPIO_WritePin
                0x080024b8       0x32 ./Drivers/STM32F4xx_HAL_Driver/Src/stm32f4xx_hal_gpio.o
                0x080024b8                HAL_GPIO_WritePin
 *fill*         0x080024ea        0x2 
 .text.HAL_GPIO_EXTI_IRQHandler
                0x080024ec       0x30 ./Drivers/STM32F4xx_HAL_Driver/Src/stm32f4xx_hal_gpio.o
                0x080024ec                HAL_GPIO_EXTI_IRQHandler
 .text.HAL_PCD_Init
                0x0800251c      0x21e ./Drivers/STM32F4xx_HAL_Driver/Src/stm32f4xx_hal_pcd.o
                0x0800251c                HAL_PCD_Init
 *fill*         0x0800273a        0x2 
 .text.HAL_RCC_OscConfig
                0x0800273c      0x4f0 ./Drivers/STM32F4xx_HAL_Driver/Src/stm32f4xx_hal_rcc.o
                0x0800273c                HAL_RCC_OscConfig
 .text.HAL_RCC_ClockConfig
                0x08002c2c      0x1cc ./Drivers/STM32F4xx_HAL_Driver/Src/stm32f4xx_hal_rcc.o
                0x08002c2c                HAL_RCC_ClockConfig
 .text.HAL_RCC_GetSysClockFreq
                0x08002df8      0x18c ./Drivers/STM32F4xx_HAL_Driver/Src/stm32f4xx_hal_rcc.o
                0x08002df8                HAL_RCC_GetSysClockFreq
 .text.HAL_SPI_Init
                0x08002f84      0x112 ./Drivers/STM32F4xx_HAL_Driver/Src/stm32f4xx_hal_spi.o
                0x08002f84                HAL_SPI_Init
 .text.HAL_SPI_Transmit
                0x08003096      0x288 ./Drivers/STM32F4xx_HAL_Driver/Src/stm32f4xx_hal_spi.o
                0x08003096                HAL_SPI_Transmit
 .text.HAL_SPI_TransmitReceive
                0x0800331e      0x352 ./Drivers/STM32F4xx_HAL_Driver/Src/stm32f4xx_hal_spi.o
                0x0800331e                HAL_SPI_TransmitReceive
 .text.HAL_SPI_TransmitReceive_DMA
                0x08003670      0x1f8 ./Drivers/STM32F4xx_HAL_Driver/Src/stm32f4xx_hal_spi.o
                0x08003670                HAL_SPI_TransmitReceive_DMA
 .text.HAL_SPI_RxCpltCallback
                0x08003868       0x14 ./Drivers/STM32F4xx_HAL_Driver/Src/stm32f4xx_hal_spi.o
                0x08003868                HAL_SPI_RxCpltCallback
 .text.HAL_SPI_RxHalfCpltCallback
                0x0800387c       0x14 ./Drivers/STM32F4xx_HAL_Driver/Src/stm32f4xx_hal_spi.o
                0x0800387c                HAL_SPI_RxHalfCpltCallback
 .text.HAL_SPI_TxRxHalfCpltCallback
                0x08003890       0x14 ./Drivers/STM32F4xx_HAL_Driver/Src/stm32f4xx_hal_spi.o
                0x08003890                HAL_SPI_TxRxHalfCpltCallback
 .text.SPI_DMAReceiveCplt
                0x080038a4       0xa8 ./Drivers/STM32F4xx_HAL_Driver/Src/stm32f4xx_hal_spi.o
 .text.SPI_DMATransmitReceiveCplt
                0x0800394c       0x90 ./Drivers/STM32F4xx_HAL_Driver/Src/stm32f4xx_hal_spi.o
 .text.SPI_DMAHalfReceiveCplt
                0x080039dc       0x1c ./Drivers/STM32F4xx_HAL_Driver/Src/stm32f4xx_hal_spi.o
 .text.SPI_DMAHalfTransmitReceiveCplt
                0x080039f8       0x1c ./Drivers/STM32F4xx_HAL_Driver/Src/stm32f4xx_hal_spi.o
 .text.SPI_DMAError
                0x08003a14       0x40 ./Drivers/STM32F4xx_HAL_Driver/Src/stm32f4xx_hal_spi.o
 .text.SPI_WaitFlagStateUntilTimeout
                0x08003a54      0x110 ./Drivers/STM32F4xx_HAL_Driver/Src/stm32f4xx_hal_spi.o
 .text.SPI_EndRxTransaction
                0x08003b64       0xca ./Drivers/STM32F4xx_HAL_Driver/Src/stm32f4xx_hal_spi.o
 *fill*         0x08003c2e        0x2 
 .text.SPI_EndRxTxTransaction
                0x08003c30       0xa8 ./Drivers/STM32F4xx_HAL_Driver/Src/stm32f4xx_hal_spi.o
 .text.USB_CoreInit
                0x08003cd8       0xc8 ./Drivers/STM32F4xx_HAL_Driver/Src/stm32f4xx_ll_usb.o
                0x08003cd8                USB_CoreInit
 .text.USB_DisableGlobalInt
                0x08003da0       0x22 ./Drivers/STM32F4xx_HAL_Driver/Src/stm32f4xx_ll_usb.o
                0x08003da0                USB_DisableGlobalInt
 .text.USB_SetCurrentMode
                0x08003dc2       0x98 ./Drivers/STM32F4xx_HAL_Driver/Src/stm32f4xx_ll_usb.o
                0x08003dc2                USB_SetCurrentMode
 *fill*         0x08003e5a        0x2 
 .text.USB_DevInit
                0x08003e5c      0x2c8 ./Drivers/STM32F4xx_HAL_Driver/Src/stm32f4xx_ll_usb.o
                0x08003e5c                USB_DevInit
 .text.USB_FlushTxFifo
                0x08004124       0x64 ./Drivers/STM32F4xx_HAL_Driver/Src/stm32f4xx_ll_usb.o
                0x08004124                USB_FlushTxFifo
 .text.USB_FlushRxFifo
                0x08004188       0x5c ./Drivers/STM32F4xx_HAL_Driver/Src/stm32f4xx_ll_usb.o
                0x08004188                USB_FlushRxFifo
 .text.USB_SetDevSpeed
                0x080041e4       0x32 ./Drivers/STM32F4xx_HAL_Driver/Src/stm32f4xx_ll_usb.o
                0x080041e4                USB_SetDevSpeed
 .text.USB_DevDisconnect
                0x08004216       0x42 ./Drivers/STM32F4xx_HAL_Driver/Src/stm32f4xx_ll_usb.o
                0x08004216                USB_DevDisconnect
 .text.USB_GetMode
                0x08004258       0x1c ./Drivers/STM32F4xx_HAL_Driver/Src/stm32f4xx_ll_usb.o
                0x08004258                USB_GetMode
 .text.USB_CoreReset
                0x08004274       0x70 ./Drivers/STM32F4xx_HAL_Driver/Src/stm32f4xx_ll_usb.o
 .text.memset   0x080042e4       0x10 /Applications/STM32CubeIDE.app/Contents/Eclipse/plugins/com.st.stm32cube.ide.mcu.externaltools.gnu-tools-for-stm32.13.3.rel1.macos64_1.0.0.202411102158/tools/bin/../lib/gcc/arm-none-eabi/13.3.1/../../../../arm-none-eabi/lib/thumb/v7e-m+fp/hard/libc_nano.a(libc_a-memset.o)
                0x080042e4                memset
 .text.__libc_init_array
                0x080042f4       0x48 /Applications/STM32CubeIDE.app/Contents/Eclipse/plugins/com.st.stm32cube.ide.mcu.externaltools.gnu-tools-for-stm32.13.3.rel1.macos64_1.0.0.202411102158/tools/bin/../lib/gcc/arm-none-eabi/13.3.1/../../../../arm-none-eabi/lib/thumb/v7e-m+fp/hard/libc_nano.a(libc_a-init.o)
                0x080042f4                __libc_init_array
 .text.memcpy   0x0800433c       0x1c /Applications/STM32CubeIDE.app/Contents/Eclipse/plugins/com.st.stm32cube.ide.mcu.externaltools.gnu-tools-for-stm32.13.3.rel1.macos64_1.0.0.202411102158/tools/bin/../lib/gcc/arm-none-eabi/13.3.1/../../../../arm-none-eabi/lib/thumb/v7e-m+fp/hard/libc_nano.a(libc_a-memcpy-stub.o)
                0x0800433c                memcpy
 *(.glue_7)
 .glue_7        0x08004358        0x0 linker stubs
 *(.glue_7t)
 .glue_7t       0x08004358        0x0 linker stubs
 *(.eh_frame)
 .eh_frame      0x08004358        0x0 /Applications/STM32CubeIDE.app/Contents/Eclipse/plugins/com.st.stm32cube.ide.mcu.externaltools.gnu-tools-for-stm32.13.3.rel1.macos64_1.0.0.202411102158/tools/bin/../lib/gcc/arm-none-eabi/13.3.1/thumb/v7e-m+fp/hard/crtbegin.o
 *(.init)
 .init          0x08004358        0x4 /Applications/STM32CubeIDE.app/Contents/Eclipse/plugins/com.st.stm32cube.ide.mcu.externaltools.gnu-tools-for-stm32.13.3.rel1.macos64_1.0.0.202411102158/tools/bin/../lib/gcc/arm-none-eabi/13.3.1/thumb/v7e-m+fp/hard/crti.o
                0x08004358                _init
 .init          0x0800435c        0x8 /Applications/STM32CubeIDE.app/Contents/Eclipse/plugins/com.st.stm32cube.ide.mcu.externaltools.gnu-tools-for-stm32.13.3.rel1.macos64_1.0.0.202411102158/tools/bin/../lib/gcc/arm-none-eabi/13.3.1/thumb/v7e-m+fp/hard/crtn.o
 *(.fini)
 .fini          0x08004364        0x4 /Applications/STM32CubeIDE.app/Contents/Eclipse/plugins/com.st.stm32cube.ide.mcu.externaltools.gnu-tools-for-stm32.13.3.rel1.macos64_1.0.0.202411102158/tools/bin/../lib/gcc/arm-none-eabi/13.3.1/thumb/v7e-m+fp/hard/crti.o
                0x08004364                _fini
 .fini          0x08004368        0x8 /Applications/STM32CubeIDE.app/Contents/Eclipse/plugins/com.st.stm32cube.ide.mcu.externaltools.gnu-tools-for-stm32.13.3.rel1.macos64_1.0.0.202411102158/tools/bin/../lib/gcc/arm-none-eabi/13.3.1/thumb/v7e-m+fp/hard/crtn.o
                0x08004370                        . = ALIGN (0x4)
                0x08004370                        _etext = .

.vfp11_veneer   0x08004370        0x0
 .vfp11_veneer  0x08004370        0x0 linker stubs

.v4_bx          0x08004370        0x0
 .v4_bx         0x08004370        0x0 linker stubs

.iplt           0x08004370        0x0
 .iplt          0x08004370        0x0 /Applications/STM32CubeIDE.app/Contents/Eclipse/plugins/com.st.stm32cube.ide.mcu.externaltools.gnu-tools-for-stm32.13.3.rel1.macos64_1.0.0.202411102158/tools/bin/../lib/gcc/arm-none-eabi/13.3.1/thumb/v7e-m+fp/hard/crtbegin.o

.rodata         0x08004370       0x18
                0x08004370                        . = ALIGN (0x4)
 *(.rodata)
 *(.rodata*)
 .rodata.AHBPrescTable
                0x08004370       0x10 ./Core/Src/system_stm32f4xx.o
                0x08004370                AHBPrescTable
 .rodata.flagBitshiftOffset.0
                0x08004380        0x8 ./Drivers/STM32F4xx_HAL_Driver/Src/stm32f4xx_hal_dma.o
                0x08004388                        . = ALIGN (0x4)

.ARM.extab      0x08004388        0x0
                0x08004388                        . = ALIGN (0x4)
 *(.ARM.extab* .gnu.linkonce.armextab.*)
                0x08004388                        . = ALIGN (0x4)

.ARM            0x08004388        0x8
                0x08004388                        . = ALIGN (0x4)
                0x08004388                        __exidx_start = .
 *(.ARM.exidx*)
 .ARM.exidx     0x08004388        0x8 /Applications/STM32CubeIDE.app/Contents/Eclipse/plugins/com.st.stm32cube.ide.mcu.externaltools.gnu-tools-for-stm32.13.3.rel1.macos64_1.0.0.202411102158/tools/bin/../lib/gcc/arm-none-eabi/13.3.1/thumb/v7e-m+fp/hard/libgcc.a(_udivmoddi4.o)
                0x08004390                        __exidx_end = .
                0x08004390                        . = ALIGN (0x4)

.preinit_array  0x08004390        0x0
                0x08004390                        . = ALIGN (0x4)
                0x08004390                        PROVIDE (__preinit_array_start = .)
 *(.preinit_array*)
                0x08004390                        PROVIDE (__preinit_array_end = .)
                0x08004390                        . = ALIGN (0x4)

.init_array     0x08004390        0x4
                0x08004390                        . = ALIGN (0x4)
                0x08004390                        PROVIDE (__init_array_start = .)
 *(SORT_BY_NAME(.init_array.*))
 *(.init_array*)
 .init_array    0x08004390        0x4 /Applications/STM32CubeIDE.app/Contents/Eclipse/plugins/com.st.stm32cube.ide.mcu.externaltools.gnu-tools-for-stm32.13.3.rel1.macos64_1.0.0.202411102158/tools/bin/../lib/gcc/arm-none-eabi/13.3.1/thumb/v7e-m+fp/hard/crtbegin.o
                0x08004394                        PROVIDE (__init_array_end = .)
                0x08004394                        . = ALIGN (0x4)

.fini_array     0x08004394        0x4
                0x08004394                        . = ALIGN (0x4)
                [!provide]                        PROVIDE (__fini_array_start = .)
 *(SORT_BY_NAME(.fini_array.*))
 *(.fini_array*)
 .fini_array    0x08004394        0x4 /Applications/STM32CubeIDE.app/Contents/Eclipse/plugins/com.st.stm32cube.ide.mcu.externaltools.gnu-tools-for-stm32.13.3.rel1.macos64_1.0.0.202411102158/tools/bin/../lib/gcc/arm-none-eabi/13.3.1/thumb/v7e-m+fp/hard/crtbegin.o
                [!provide]                        PROVIDE (__fini_array_end = .)
                0x08004398                        . = ALIGN (0x4)
                0x08004398                        _sidata = LOADADDR (.data)

.rel.dyn        0x08004398        0x0
 .rel.iplt      0x08004398        0x0 /Applications/STM32CubeIDE.app/Contents/Eclipse/plugins/com.st.stm32cube.ide.mcu.externaltools.gnu-tools-for-stm32.13.3.rel1.macos64_1.0.0.202411102158/tools/bin/../lib/gcc/arm-none-eabi/13.3.1/thumb/v7e-m+fp/hard/crtbegin.o

.data           0x20000000        0xc load address 0x08004398
                0x20000000                        . = ALIGN (0x4)
                0x20000000                        _sdata = .
 *(.data)
 *(.data*)
 .data.SystemCoreClock
                0x20000000        0x4 ./Core/Src/system_stm32f4xx.o
                0x20000000                SystemCoreClock
 .data.uwTickPrio
                0x20000004        0x4 ./Drivers/STM32F4xx_HAL_Driver/Src/stm32f4xx_hal.o
                0x20000004                uwTickPrio
 .data.uwTickFreq
                0x20000008        0x1 ./Drivers/STM32F4xx_HAL_Driver/Src/stm32f4xx_hal.o
                0x20000008                uwTickFreq
 *(.RamFunc)
 *(.RamFunc*)
                0x2000000c                        . = ALIGN (0x4)
 *fill*         0x20000009        0x3 
                0x2000000c                        _edata = .

.igot.plt       0x2000000c        0x0 load address 0x080043a4
 .igot.plt      0x2000000c        0x0 /Applications/STM32CubeIDE.app/Contents/Eclipse/plugins/com.st.stm32cube.ide.mcu.externaltools.gnu-tools-for-stm32.13.3.rel1.macos64_1.0.0.202411102158/tools/bin/../lib/gcc/arm-none-eabi/13.3.1/thumb/v7e-m+fp/hard/crtbegin.o
                0x2000000c                        . = ALIGN (0x4)

.bss            0x2000000c      0x688 load address 0x080043a4
                0x2000000c                        _sbss = .
                0x2000000c                        __bss_start__ = _sbss
 *(.bss)
 .bss           0x2000000c       0x1c /Applications/STM32CubeIDE.app/Contents/Eclipse/plugins/com.st.stm32cube.ide.mcu.externaltools.gnu-tools-for-stm32.13.3.rel1.macos64_1.0.0.202411102158/tools/bin/../lib/gcc/arm-none-eabi/13.3.1/thumb/v7e-m+fp/hard/crtbegin.o
 *(.bss*)
 .bss.spi_tx_buffer
                0x20000028        0xf ./Core/Src/ICM45686.o
 *fill*         0x20000037        0x1 
 .bss.spi_rx_buffer
                0x20000038        0xf ./Core/Src/ICM45686.o
 .bss.dma_transfer_complete
                0x20000047        0x1 ./Core/Src/ICM45686.o
 .bss.hcrc      0x20000048        0x8 ./Core/Src/main.o
                0x20000048                hcrc
 .bss.hspi1     0x20000050       0x58 ./Core/Src/main.o
                0x20000050                hspi1
 .bss.hdma_spi1_rx
                0x200000a8       0x60 ./Core/Src/main.o
                0x200000a8                hdma_spi1_rx
 .bss.hdma_spi1_tx
                0x20000108       0x60 ./Core/Src/main.o
                0x20000108                hdma_spi1_tx
 .bss.hpcd_USB_OTG_FS
                0x20000168      0x4e4 ./Core/Src/main.o
                0x20000168                hpcd_USB_OTG_FS
 .bss.imu       0x2000064c       0x1c ./Core/Src/main.o
                0x2000064c                imu
 .bss.imu_config
                0x20000668        0x7 ./Core/Src/main.o
                0x20000668                imu_config
 *fill*         0x2000066f        0x1 
 .bss.imu_scaled_data
                0x20000670       0x1c ./Core/Src/main.o
                0x20000670                imu_scaled_data
 .bss.is_imu_initialised
                0x2000068c        0x1 ./Core/Src/main.o
                0x2000068c                is_imu_initialised
 .bss.is_imu_data_ready
                0x2000068d        0x1 ./Core/Src/main.o
                0x2000068d                is_imu_data_ready
 *fill*         0x2000068e        0x2 
 .bss.uwTick    0x20000690        0x4 ./Drivers/STM32F4xx_HAL_Driver/Src/stm32f4xx_hal.o
                0x20000690                uwTick
 *(COMMON)
                0x20000694                        . = ALIGN (0x4)
                0x20000694                        _ebss = .
                0x20000694                        __bss_end__ = _ebss

._user_heap_stack
                0x20000694      0x604 load address 0x080043a4
                0x20000698                        . = ALIGN (0x8)
 *fill*         0x20000694        0x4 
                [!provide]                        PROVIDE (end = .)
                0x20000698                        PROVIDE (_end = .)
                0x20000898                        . = (. + _Min_Heap_Size)
 *fill*         0x20000698      0x200 
                0x20000c98                        . = (. + _Min_Stack_Size)
 *fill*         0x20000898      0x400 
                0x20000c98                        . = ALIGN (0x8)

/DISCARD/
 libc.a(*)
 libm.a(*)
 libgcc.a(*)

.ARM.attributes
                0x00000000       0x30
 *(.ARM.attributes)
 .ARM.attributes
                0x00000000       0x22 /Applications/STM32CubeIDE.app/Contents/Eclipse/plugins/com.st.stm32cube.ide.mcu.externaltools.gnu-tools-for-stm32.13.3.rel1.macos64_1.0.0.202411102158/tools/bin/../lib/gcc/arm-none-eabi/13.3.1/thumb/v7e-m+fp/hard/crti.o
 .ARM.attributes
                0x00000022       0x34 /Applications/STM32CubeIDE.app/Contents/Eclipse/plugins/com.st.stm32cube.ide.mcu.externaltools.gnu-tools-for-stm32.13.3.rel1.macos64_1.0.0.202411102158/tools/bin/../lib/gcc/arm-none-eabi/13.3.1/thumb/v7e-m+fp/hard/crtbegin.o
 .ARM.attributes
                0x00000056       0x34 ./Core/Src/ICM45686.o
 .ARM.attributes
                0x0000008a       0x34 ./Core/Src/main.o
 .ARM.attributes
                0x000000be       0x34 ./Core/Src/stm32f4xx_hal_msp.o
 .ARM.attributes
                0x000000f2       0x34 ./Core/Src/stm32f4xx_it.o
 .ARM.attributes
                0x00000126       0x34 ./Core/Src/system_stm32f4xx.o
 .ARM.attributes
                0x0000015a       0x21 ./Core/Startup/startup_stm32f411ceux.o
 .ARM.attributes
                0x0000017b       0x34 ./Drivers/STM32F4xx_HAL_Driver/Src/stm32f4xx_hal.o
 .ARM.attributes
                0x000001af       0x34 ./Drivers/STM32F4xx_HAL_Driver/Src/stm32f4xx_hal_cortex.o
 .ARM.attributes
                0x000001e3       0x34 ./Drivers/STM32F4xx_HAL_Driver/Src/stm32f4xx_hal_crc.o
 .ARM.attributes
                0x00000217       0x34 ./Drivers/STM32F4xx_HAL_Driver/Src/stm32f4xx_hal_dma.o
 .ARM.attributes
                0x0000024b       0x34 ./Drivers/STM32F4xx_HAL_Driver/Src/stm32f4xx_hal_gpio.o
 .ARM.attributes
                0x0000027f       0x34 ./Drivers/STM32F4xx_HAL_Driver/Src/stm32f4xx_hal_pcd.o
 .ARM.attributes
                0x000002b3       0x34 ./Drivers/STM32F4xx_HAL_Driver/Src/stm32f4xx_hal_rcc.o
 .ARM.attributes
                0x000002e7       0x34 ./Drivers/STM32F4xx_HAL_Driver/Src/stm32f4xx_hal_spi.o
 .ARM.attributes
                0x0000031b       0x34 ./Drivers/STM32F4xx_HAL_Driver/Src/stm32f4xx_ll_usb.o
 .ARM.attributes
                0x0000034f       0x34 /Applications/STM32CubeIDE.app/Contents/Eclipse/plugins/com.st.stm32cube.ide.mcu.externaltools.gnu-tools-for-stm32.13.3.rel1.macos64_1.0.0.202411102158/tools/bin/../lib/gcc/arm-none-eabi/13.3.1/../../../../arm-none-eabi/lib/thumb/v7e-m+fp/hard/libc_nano.a(libc_a-memset.o)
 .ARM.attributes
                0x00000383       0x34 /Applications/STM32CubeIDE.app/Contents/Eclipse/plugins/com.st.stm32cube.ide.mcu.externaltools.gnu-tools-for-stm32.13.3.rel1.macos64_1.0.0.202411102158/tools/bin/../lib/gcc/arm-none-eabi/13.3.1/../../../../arm-none-eabi/lib/thumb/v7e-m+fp/hard/libc_nano.a(libc_a-init.o)
 .ARM.attributes
                0x000003b7       0x34 /Applications/STM32CubeIDE.app/Contents/Eclipse/plugins/com.st.stm32cube.ide.mcu.externaltools.gnu-tools-for-stm32.13.3.rel1.macos64_1.0.0.202411102158/tools/bin/../lib/gcc/arm-none-eabi/13.3.1/../../../../arm-none-eabi/lib/thumb/v7e-m+fp/hard/libc_nano.a(libc_a-memcpy-stub.o)
 .ARM.attributes
                0x000003eb       0x22 /Applications/STM32CubeIDE.app/Contents/Eclipse/plugins/com.st.stm32cube.ide.mcu.externaltools.gnu-tools-for-stm32.13.3.rel1.macos64_1.0.0.202411102158/tools/bin/../lib/gcc/arm-none-eabi/13.3.1/thumb/v7e-m+fp/hard/libgcc.a(_aeabi_uldivmod.o)
 .ARM.attributes
                0x0000040d       0x34 /Applications/STM32CubeIDE.app/Contents/Eclipse/plugins/com.st.stm32cube.ide.mcu.externaltools.gnu-tools-for-stm32.13.3.rel1.macos64_1.0.0.202411102158/tools/bin/../lib/gcc/arm-none-eabi/13.3.1/thumb/v7e-m+fp/hard/libgcc.a(_udivmoddi4.o)
 .ARM.attributes
                0x00000441       0x22 /Applications/STM32CubeIDE.app/Contents/Eclipse/plugins/com.st.stm32cube.ide.mcu.externaltools.gnu-tools-for-stm32.13.3.rel1.macos64_1.0.0.202411102158/tools/bin/../lib/gcc/arm-none-eabi/13.3.1/thumb/v7e-m+fp/hard/libgcc.a(_dvmd_tls.o)
 .ARM.attributes
                0x00000463       0x22 /Applications/STM32CubeIDE.app/Contents/Eclipse/plugins/com.st.stm32cube.ide.mcu.externaltools.gnu-tools-for-stm32.13.3.rel1.macos64_1.0.0.202411102158/tools/bin/../lib/gcc/arm-none-eabi/13.3.1/thumb/v7e-m+fp/hard/crtn.o
OUTPUT(OpenAHRSBB.elf elf32-littlearm)
LOAD linker stubs
LOAD /Applications/STM32CubeIDE.app/Contents/Eclipse/plugins/com.st.stm32cube.ide.mcu.externaltools.gnu-tools-for-stm32.13.3.rel1.macos64_1.0.0.202411102158/tools/bin/../lib/gcc/arm-none-eabi/13.3.1/../../../../arm-none-eabi/lib/thumb/v7e-m+fp/hard/libc.a
LOAD /Applications/STM32CubeIDE.app/Contents/Eclipse/plugins/com.st.stm32cube.ide.mcu.externaltools.gnu-tools-for-stm32.13.3.rel1.macos64_1.0.0.202411102158/tools/bin/../lib/gcc/arm-none-eabi/13.3.1/../../../../arm-none-eabi/lib/thumb/v7e-m+fp/hard/libm.a
LOAD /Applications/STM32CubeIDE.app/Contents/Eclipse/plugins/com.st.stm32cube.ide.mcu.externaltools.gnu-tools-for-stm32.13.3.rel1.macos64_1.0.0.202411102158/tools/bin/../lib/gcc/arm-none-eabi/13.3.1/thumb/v7e-m+fp/hard/libgcc.a

.debug_info     0x00000000     0xb8ac
 .debug_info    0x00000000     0x121c ./Core/Src/ICM45686.o
 .debug_info    0x0000121c     0x16ad ./Core/Src/main.o
 .debug_info    0x000028c9     0x100a ./Core/Src/stm32f4xx_hal_msp.o
 .debug_info    0x000038d3      0x411 ./Core/Src/stm32f4xx_it.o
 .debug_info    0x00003ce4      0x53e ./Core/Src/system_stm32f4xx.o
 .debug_info    0x00004222       0x30 ./Core/Startup/startup_stm32f411ceux.o
 .debug_info    0x00004252      0x8c4 ./Drivers/STM32F4xx_HAL_Driver/Src/stm32f4xx_hal.o
 .debug_info    0x00004b16      0xcfc ./Drivers/STM32F4xx_HAL_Driver/Src/stm32f4xx_hal_cortex.o
 .debug_info    0x00005812      0x37d ./Drivers/STM32F4xx_HAL_Driver/Src/stm32f4xx_hal_crc.o
 .debug_info    0x00005b8f      0x8e6 ./Drivers/STM32F4xx_HAL_Driver/Src/stm32f4xx_hal_dma.o
 .debug_info    0x00006475      0x6f9 ./Drivers/STM32F4xx_HAL_Driver/Src/stm32f4xx_hal_gpio.o
 .debug_info    0x00006b6e     0x1577 ./Drivers/STM32F4xx_HAL_Driver/Src/stm32f4xx_hal_pcd.o
 .debug_info    0x000080e5      0x904 ./Drivers/STM32F4xx_HAL_Driver/Src/stm32f4xx_hal_rcc.o
 .debug_info    0x000089e9     0x1530 ./Drivers/STM32F4xx_HAL_Driver/Src/stm32f4xx_hal_spi.o
 .debug_info    0x00009f19     0x1993 ./Drivers/STM32F4xx_HAL_Driver/Src/stm32f4xx_ll_usb.o

.debug_abbrev   0x00000000     0x206c
 .debug_abbrev  0x00000000      0x2d1 ./Core/Src/ICM45686.o
 .debug_abbrev  0x000002d1      0x314 ./Core/Src/main.o
 .debug_abbrev  0x000005e5      0x289 ./Core/Src/stm32f4xx_hal_msp.o
 .debug_abbrev  0x0000086e      0x14f ./Core/Src/stm32f4xx_it.o
 .debug_abbrev  0x000009bd      0x11a ./Core/Src/system_stm32f4xx.o
 .debug_abbrev  0x00000ad7       0x24 ./Core/Startup/startup_stm32f411ceux.o
 .debug_abbrev  0x00000afb      0x24b ./Drivers/STM32F4xx_HAL_Driver/Src/stm32f4xx_hal.o
 .debug_abbrev  0x00000d46      0x31d ./Drivers/STM32F4xx_HAL_Driver/Src/stm32f4xx_hal_cortex.o
 .debug_abbrev  0x00001063      0x180 ./Drivers/STM32F4xx_HAL_Driver/Src/stm32f4xx_hal_crc.o
 .debug_abbrev  0x000011e3      0x221 ./Drivers/STM32F4xx_HAL_Driver/Src/stm32f4xx_hal_dma.o
 .debug_abbrev  0x00001404      0x1d3 ./Drivers/STM32F4xx_HAL_Driver/Src/stm32f4xx_hal_gpio.o
 .debug_abbrev  0x000015d7      0x2b6 ./Drivers/STM32F4xx_HAL_Driver/Src/stm32f4xx_hal_pcd.o
 .debug_abbrev  0x0000188d      0x2b6 ./Drivers/STM32F4xx_HAL_Driver/Src/stm32f4xx_hal_rcc.o
 .debug_abbrev  0x00001b43      0x276 ./Drivers/STM32F4xx_HAL_Driver/Src/stm32f4xx_hal_spi.o
 .debug_abbrev  0x00001db9      0x2b3 ./Drivers/STM32F4xx_HAL_Driver/Src/stm32f4xx_ll_usb.o

.debug_aranges  0x00000000      0xb08
 .debug_aranges
                0x00000000       0xf0 ./Core/Src/ICM45686.o
 .debug_aranges
                0x000000f0       0x68 ./Core/Src/main.o
 .debug_aranges
                0x00000158       0x50 ./Core/Src/stm32f4xx_hal_msp.o
 .debug_aranges
                0x000001a8       0x78 ./Core/Src/stm32f4xx_it.o
 .debug_aranges
                0x00000220       0x28 ./Core/Src/system_stm32f4xx.o
 .debug_aranges
                0x00000248       0x28 ./Core/Startup/startup_stm32f411ceux.o
 .debug_aranges
                0x00000270       0xf0 ./Drivers/STM32F4xx_HAL_Driver/Src/stm32f4xx_hal.o
 .debug_aranges
                0x00000360      0x130 ./Drivers/STM32F4xx_HAL_Driver/Src/stm32f4xx_hal_cortex.o
 .debug_aranges
                0x00000490       0x50 ./Drivers/STM32F4xx_HAL_Driver/Src/stm32f4xx_hal_crc.o
 .debug_aranges
                0x000004e0       0x90 ./Drivers/STM32F4xx_HAL_Driver/Src/stm32f4xx_hal_dma.o
 .debug_aranges
                0x00000570       0x58 ./Drivers/STM32F4xx_HAL_Driver/Src/stm32f4xx_hal_gpio.o
 .debug_aranges
                0x000005c8      0x148 ./Drivers/STM32F4xx_HAL_Driver/Src/stm32f4xx_hal_pcd.o
 .debug_aranges
                0x00000710       0x88 ./Drivers/STM32F4xx_HAL_Driver/Src/stm32f4xx_hal_rcc.o
 .debug_aranges
                0x00000798      0x1d0 ./Drivers/STM32F4xx_HAL_Driver/Src/stm32f4xx_hal_spi.o
 .debug_aranges
                0x00000968      0x1a0 ./Drivers/STM32F4xx_HAL_Driver/Src/stm32f4xx_ll_usb.o

.debug_rnglists
                0x00000000      0x84f
 .debug_rnglists
                0x00000000       0xb8 ./Core/Src/ICM45686.o
 .debug_rnglists
                0x000000b8       0x4b ./Core/Src/main.o
 .debug_rnglists
                0x00000103       0x39 ./Core/Src/stm32f4xx_hal_msp.o
 .debug_rnglists
                0x0000013c       0x55 ./Core/Src/stm32f4xx_it.o
 .debug_rnglists
                0x00000191       0x1a ./Core/Src/system_stm32f4xx.o
 .debug_rnglists
                0x000001ab       0x19 ./Core/Startup/startup_stm32f411ceux.o
 .debug_rnglists
                0x000001c4       0xaf ./Drivers/STM32F4xx_HAL_Driver/Src/stm32f4xx_hal.o
 .debug_rnglists
                0x00000273       0xe0 ./Drivers/STM32F4xx_HAL_Driver/Src/stm32f4xx_hal_cortex.o
 .debug_rnglists
                0x00000353       0x37 ./Drivers/STM32F4xx_HAL_Driver/Src/stm32f4xx_hal_crc.o
 .debug_rnglists
                0x0000038a       0x70 ./Drivers/STM32F4xx_HAL_Driver/Src/stm32f4xx_hal_dma.o
 .debug_rnglists
                0x000003fa       0x3f ./Drivers/STM32F4xx_HAL_Driver/Src/stm32f4xx_hal_gpio.o
 .debug_rnglists
                0x00000439       0xfa ./Drivers/STM32F4xx_HAL_Driver/Src/stm32f4xx_hal_pcd.o
 .debug_rnglists
                0x00000533       0x66 ./Drivers/STM32F4xx_HAL_Driver/Src/stm32f4xx_hal_rcc.o
 .debug_rnglists
                0x00000599      0x16f ./Drivers/STM32F4xx_HAL_Driver/Src/stm32f4xx_hal_spi.o
 .debug_rnglists
                0x00000708      0x147 ./Drivers/STM32F4xx_HAL_Driver/Src/stm32f4xx_ll_usb.o

.debug_macro    0x00000000    0x1669a
 .debug_macro   0x00000000      0x30b ./Core/Src/ICM45686.o
 .debug_macro   0x0000030b      0xad8 ./Core/Src/ICM45686.o
 .debug_macro   0x00000de3      0x2a1 ./Core/Src/ICM45686.o
 .debug_macro   0x00001084       0x2e ./Core/Src/ICM45686.o
 .debug_macro   0x000010b2       0x28 ./Core/Src/ICM45686.o
 .debug_macro   0x000010da       0x22 ./Core/Src/ICM45686.o
 .debug_macro   0x000010fc       0x8e ./Core/Src/ICM45686.o
 .debug_macro   0x0000118a       0x51 ./Core/Src/ICM45686.o
 .debug_macro   0x000011db      0x103 ./Core/Src/ICM45686.o
 .debug_macro   0x000012de       0x6a ./Core/Src/ICM45686.o
 .debug_macro   0x00001348      0x1df ./Core/Src/ICM45686.o
 .debug_macro   0x00001527       0x1c ./Core/Src/ICM45686.o
 .debug_macro   0x00001543       0x22 ./Core/Src/ICM45686.o
 .debug_macro   0x00001565       0xfb ./Core/Src/ICM45686.o
 .debug_macro   0x00001660     0x1011 ./Core/Src/ICM45686.o
 .debug_macro   0x00002671      0x11f ./Core/Src/ICM45686.o
 .debug_macro   0x00002790     0xb968 ./Core/Src/ICM45686.o
 .debug_macro   0x0000e0f8       0x6d ./Core/Src/ICM45686.o
 .debug_macro   0x0000e165     0x3693 ./Core/Src/ICM45686.o
 .debug_macro   0x000117f8      0x190 ./Core/Src/ICM45686.o
 .debug_macro   0x00011988       0x5c ./Core/Src/ICM45686.o
 .debug_macro   0x000119e4      0x45c ./Core/Src/ICM45686.o
 .debug_macro   0x00011e40      0x9e9 ./Core/Src/ICM45686.o
 .debug_macro   0x00012829      0x115 ./Core/Src/ICM45686.o
 .debug_macro   0x0001293e      0x11b ./Core/Src/ICM45686.o
 .debug_macro   0x00012a59       0xa5 ./Core/Src/ICM45686.o
 .debug_macro   0x00012afe      0x15f ./Core/Src/ICM45686.o
 .debug_macro   0x00012c5d      0x287 ./Core/Src/ICM45686.o
 .debug_macro   0x00012ee4       0x5f ./Core/Src/ICM45686.o
 .debug_macro   0x00012f43      0x236 ./Core/Src/ICM45686.o
 .debug_macro   0x00013179       0x22 ./Core/Src/ICM45686.o
 .debug_macro   0x0001319b      0x132 ./Core/Src/ICM45686.o
 .debug_macro   0x000132cd      0x264 ./Core/Src/ICM45686.o
 .debug_macro   0x00013531       0x2e ./Core/Src/ICM45686.o
 .debug_macro   0x0001355f      0x127 ./Core/Src/ICM45686.o
 .debug_macro   0x00013686       0x85 ./Core/Src/ICM45686.o
 .debug_macro   0x0001370b       0x89 ./Core/Src/ICM45686.o
 .debug_macro   0x00013794      0x225 ./Core/Src/ICM45686.o
 .debug_macro   0x000139b9      0x293 ./Core/Src/ICM45686.o
 .debug_macro   0x00013c4c       0xba ./Core/Src/ICM45686.o
 .debug_macro   0x00013d06      0x126 ./Core/Src/ICM45686.o
 .debug_macro   0x00013e2c       0x22 ./Core/Src/ICM45686.o
 .debug_macro   0x00013e4e      0x256 ./Core/Src/ICM45686.o
 .debug_macro   0x000140a4       0x61 ./Core/Src/ICM45686.o
 .debug_macro   0x00014105       0x2a ./Core/Src/ICM45686.o
 .debug_macro   0x0001412f       0x43 ./Core/Src/ICM45686.o
 .debug_macro   0x00014172       0x34 ./Core/Src/ICM45686.o
 .debug_macro   0x000141a6      0x370 ./Core/Src/ICM45686.o
 .debug_macro   0x00014516       0x16 ./Core/Src/ICM45686.o
 .debug_macro   0x0001452c       0x4a ./Core/Src/ICM45686.o
 .debug_macro   0x00014576       0x34 ./Core/Src/ICM45686.o
 .debug_macro   0x000145aa       0x10 ./Core/Src/ICM45686.o
 .debug_macro   0x000145ba       0x58 ./Core/Src/ICM45686.o
 .debug_macro   0x00014612       0x8e ./Core/Src/ICM45686.o
 .debug_macro   0x000146a0       0x1c ./Core/Src/ICM45686.o
 .debug_macro   0x000146bc      0x185 ./Core/Src/ICM45686.o
 .debug_macro   0x00014841       0x10 ./Core/Src/ICM45686.o
 .debug_macro   0x00014851       0x3c ./Core/Src/ICM45686.o
 .debug_macro   0x0001488d       0x20 ./Core/Src/ICM45686.o
 .debug_macro   0x000148ad      0x19b ./Core/Src/ICM45686.o
 .debug_macro   0x00014a48      0x20f ./Core/Src/main.o
 .debug_macro   0x00014c57       0x3a ./Core/Src/main.o
 .debug_macro   0x00014c91      0x256 ./Core/Src/main.o
 .debug_macro   0x00014ee7      0x1f7 ./Core/Src/stm32f4xx_hal_msp.o
 .debug_macro   0x000150de      0x201 ./Core/Src/stm32f4xx_it.o
 .debug_macro   0x000152df      0x1e8 ./Core/Src/system_stm32f4xx.o
 .debug_macro   0x000154c7      0x248 ./Drivers/STM32F4xx_HAL_Driver/Src/stm32f4xx_hal.o
 .debug_macro   0x0001570f      0x1e8 ./Drivers/STM32F4xx_HAL_Driver/Src/stm32f4xx_hal_cortex.o
 .debug_macro   0x000158f7      0x1e8 ./Drivers/STM32F4xx_HAL_Driver/Src/stm32f4xx_hal_crc.o
 .debug_macro   0x00015adf      0x1ee ./Drivers/STM32F4xx_HAL_Driver/Src/stm32f4xx_hal_dma.o
 .debug_macro   0x00015ccd      0x1ee ./Drivers/STM32F4xx_HAL_Driver/Src/stm32f4xx_hal_gpio.o
 .debug_macro   0x00015ebb      0x1f4 ./Drivers/STM32F4xx_HAL_Driver/Src/stm32f4xx_hal_pcd.o
 .debug_macro   0x000160af      0x20c ./Drivers/STM32F4xx_HAL_Driver/Src/stm32f4xx_hal_rcc.o
 .debug_macro   0x000162bb      0x1f7 ./Drivers/STM32F4xx_HAL_Driver/Src/stm32f4xx_hal_spi.o
 .debug_macro   0x000164b2      0x1e8 ./Drivers/STM32F4xx_HAL_Driver/Src/stm32f4xx_ll_usb.o

.debug_line     0x00000000     0xc605
 .debug_line    0x00000000      0xfcd ./Core/Src/ICM45686.o
 .debug_line    0x00000fcd      0x8f9 ./Core/Src/main.o
 .debug_line    0x000018c6      0x831 ./Core/Src/stm32f4xx_hal_msp.o
 .debug_line    0x000020f7      0x7fe ./Core/Src/stm32f4xx_it.o
 .debug_line    0x000028f5      0x77d ./Core/Src/system_stm32f4xx.o
 .debug_line    0x00003072       0x7a ./Core/Startup/startup_stm32f411ceux.o
 .debug_line    0x000030ec      0x9f9 ./Drivers/STM32F4xx_HAL_Driver/Src/stm32f4xx_hal.o
 .debug_line    0x00003ae5      0xcc9 ./Drivers/STM32F4xx_HAL_Driver/Src/stm32f4xx_hal_cortex.o
 .debug_line    0x000047ae      0x82e ./Drivers/STM32F4xx_HAL_Driver/Src/stm32f4xx_hal_crc.o
 .debug_line    0x00004fdc      0xf65 ./Drivers/STM32F4xx_HAL_Driver/Src/stm32f4xx_hal_dma.o
 .debug_line    0x00005f41      0xb15 ./Drivers/STM32F4xx_HAL_Driver/Src/stm32f4xx_hal_gpio.o
 .debug_line    0x00006a56     0x1444 ./Drivers/STM32F4xx_HAL_Driver/Src/stm32f4xx_hal_pcd.o
 .debug_line    0x00007e9a      0xe06 ./Drivers/STM32F4xx_HAL_Driver/Src/stm32f4xx_hal_rcc.o
 .debug_line    0x00008ca0     0x1c94 ./Drivers/STM32F4xx_HAL_Driver/Src/stm32f4xx_hal_spi.o
 .debug_line    0x0000a934     0x1cd1 ./Drivers/STM32F4xx_HAL_Driver/Src/stm32f4xx_ll_usb.o

.debug_str      0x00000000    0x88b0f
 .debug_str     0x00000000    0x88b0f ./Core/Src/ICM45686.o
                              0x85d2f (size before relaxing)
 .debug_str     0x00088b0f    0x82adf ./Core/Src/main.o
 .debug_str     0x00088b0f    0x8174f ./Core/Src/stm32f4xx_hal_msp.o
 .debug_str     0x00088b0f    0x80fe8 ./Core/Src/stm32f4xx_it.o
 .debug_str     0x00088b0f    0x80d56 ./Core/Src/system_stm32f4xx.o
 .debug_str     0x00088b0f       0x91 ./Core/Startup/startup_stm32f411ceux.o
 .debug_str     0x00088b0f    0x81782 ./Drivers/STM32F4xx_HAL_Driver/Src/stm32f4xx_hal.o
 .debug_str     0x00088b0f    0x814ec ./Drivers/STM32F4xx_HAL_Driver/Src/stm32f4xx_hal_cortex.o
 .debug_str     0x00088b0f    0x80d72 ./Drivers/STM32F4xx_HAL_Driver/Src/stm32f4xx_hal_crc.o
 .debug_str     0x00088b0f    0x8115e ./Drivers/STM32F4xx_HAL_Driver/Src/stm32f4xx_hal_dma.o
 .debug_str     0x00088b0f    0x80ed1 ./Drivers/STM32F4xx_HAL_Driver/Src/stm32f4xx_hal_gpio.o
 .debug_str     0x00088b0f    0x81822 ./Drivers/STM32F4xx_HAL_Driver/Src/stm32f4xx_hal_pcd.o
 .debug_str     0x00088b0f    0x8118a ./Drivers/STM32F4xx_HAL_Driver/Src/stm32f4xx_hal_rcc.o
 .debug_str     0x00088b0f    0x81602 ./Drivers/STM32F4xx_HAL_Driver/Src/stm32f4xx_hal_spi.o
 .debug_str     0x00088b0f    0x816fd ./Drivers/STM32F4xx_HAL_Driver/Src/stm32f4xx_ll_usb.o

.comment        0x00000000       0x43
 .comment       0x00000000       0x43 ./Core/Src/ICM45686.o
                                 0x44 (size before relaxing)
 .comment       0x00000043       0x44 ./Core/Src/main.o
 .comment       0x00000043       0x44 ./Core/Src/stm32f4xx_hal_msp.o
 .comment       0x00000043       0x44 ./Core/Src/stm32f4xx_it.o
 .comment       0x00000043       0x44 ./Core/Src/system_stm32f4xx.o
 .comment       0x00000043       0x44 ./Drivers/STM32F4xx_HAL_Driver/Src/stm32f4xx_hal.o
 .comment       0x00000043       0x44 ./Drivers/STM32F4xx_HAL_Driver/Src/stm32f4xx_hal_cortex.o
 .comment       0x00000043       0x44 ./Drivers/STM32F4xx_HAL_Driver/Src/stm32f4xx_hal_crc.o
 .comment       0x00000043       0x44 ./Drivers/STM32F4xx_HAL_Driver/Src/stm32f4xx_hal_dma.o
 .comment       0x00000043       0x44 ./Drivers/STM32F4xx_HAL_Driver/Src/stm32f4xx_hal_gpio.o
 .comment       0x00000043       0x44 ./Drivers/STM32F4xx_HAL_Driver/Src/stm32f4xx_hal_pcd.o
 .comment       0x00000043       0x44 ./Drivers/STM32F4xx_HAL_Driver/Src/stm32f4xx_hal_rcc.o
 .comment       0x00000043       0x44 ./Drivers/STM32F4xx_HAL_Driver/Src/stm32f4xx_hal_spi.o
 .comment       0x00000043       0x44 ./Drivers/STM32F4xx_HAL_Driver/Src/stm32f4xx_ll_usb.o

.debug_frame    0x00000000     0x2dac
 .debug_frame   0x00000000      0x3f4 ./Core/Src/ICM45686.o
 .debug_frame   0x000003f4      0x150 ./Core/Src/main.o
 .debug_frame   0x00000544      0x118 ./Core/Src/stm32f4xx_hal_msp.o
 .debug_frame   0x0000065c      0x158 ./Core/Src/stm32f4xx_it.o
 .debug_frame   0x000007b4       0x58 ./Core/Src/system_stm32f4xx.o
 .debug_frame   0x0000080c      0x374 ./Drivers/STM32F4xx_HAL_Driver/Src/stm32f4xx_hal.o
 .debug_frame   0x00000b80      0x508 ./Drivers/STM32F4xx_HAL_Driver/Src/stm32f4xx_hal_cortex.o
 .debug_frame   0x00001088      0x120 ./Drivers/STM32F4xx_HAL_Driver/Src/stm32f4xx_hal_crc.o
 .debug_frame   0x000011a8      0x250 ./Drivers/STM32F4xx_HAL_Driver/Src/stm32f4xx_hal_dma.o
 .debug_frame   0x000013f8      0x14c ./Drivers/STM32F4xx_HAL_Driver/Src/stm32f4xx_hal_gpio.o
 .debug_frame   0x00001544      0x5b8 ./Drivers/STM32F4xx_HAL_Driver/Src/stm32f4xx_hal_pcd.o
 .debug_frame   0x00001afc      0x1f4 ./Drivers/STM32F4xx_HAL_Driver/Src/stm32f4xx_hal_rcc.o
 .debug_frame   0x00001cf0      0x828 ./Drivers/STM32F4xx_HAL_Driver/Src/stm32f4xx_hal_spi.o
 .debug_frame   0x00002518      0x7c0 ./Drivers/STM32F4xx_HAL_Driver/Src/stm32f4xx_ll_usb.o
 .debug_frame   0x00002cd8       0x20 /Applications/STM32CubeIDE.app/Contents/Eclipse/plugins/com.st.stm32cube.ide.mcu.externaltools.gnu-tools-for-stm32.13.3.rel1.macos64_1.0.0.202411102158/tools/bin/../lib/gcc/arm-none-eabi/13.3.1/../../../../arm-none-eabi/lib/thumb/v7e-m+fp/hard/libc_nano.a(libc_a-memset.o)
 .debug_frame   0x00002cf8       0x2c /Applications/STM32CubeIDE.app/Contents/Eclipse/plugins/com.st.stm32cube.ide.mcu.externaltools.gnu-tools-for-stm32.13.3.rel1.macos64_1.0.0.202411102158/tools/bin/../lib/gcc/arm-none-eabi/13.3.1/../../../../arm-none-eabi/lib/thumb/v7e-m+fp/hard/libc_nano.a(libc_a-init.o)
 .debug_frame   0x00002d24       0x28 /Applications/STM32CubeIDE.app/Contents/Eclipse/plugins/com.st.stm32cube.ide.mcu.externaltools.gnu-tools-for-stm32.13.3.rel1.macos64_1.0.0.202411102158/tools/bin/../lib/gcc/arm-none-eabi/13.3.1/../../../../arm-none-eabi/lib/thumb/v7e-m+fp/hard/libc_nano.a(libc_a-memcpy-stub.o)
 .debug_frame   0x00002d4c       0x2c /Applications/STM32CubeIDE.app/Contents/Eclipse/plugins/com.st.stm32cube.ide.mcu.externaltools.gnu-tools-for-stm32.13.3.rel1.macos64_1.0.0.202411102158/tools/bin/../lib/gcc/arm-none-eabi/13.3.1/thumb/v7e-m+fp/hard/libgcc.a(_aeabi_uldivmod.o)
 .debug_frame   0x00002d78       0x34 /Applications/STM32CubeIDE.app/Contents/Eclipse/plugins/com.st.stm32cube.ide.mcu.externaltools.gnu-tools-for-stm32.13.3.rel1.macos64_1.0.0.202411102158/tools/bin/../lib/gcc/arm-none-eabi/13.3.1/thumb/v7e-m+fp/hard/libgcc.a(_udivmoddi4.o)

.debug_line_str
                0x00000000       0x75
 .debug_line_str
                0x00000000       0x75 ./Core/Startup/startup_stm32f411ceux.o
