Archive member included to satisfy reference by file (symbol)

/Applications/STM32CubeIDE.app/Contents/Eclipse/plugins/com.st.stm32cube.ide.mcu.externaltools.gnu-tools-for-stm32.13.3.rel1.macos64_1.0.0.202411102158/tools/bin/../lib/gcc/arm-none-eabi/13.3.1/../../../../arm-none-eabi/lib/thumb/v7e-m+fp/hard/libc_nano.a(libc_a-exit.o)
                              /Applications/STM32CubeIDE.app/Contents/Eclipse/plugins/com.st.stm32cube.ide.mcu.externaltools.gnu-tools-for-stm32.13.3.rel1.macos64_1.0.0.202411102158/tools/bin/../lib/gcc/arm-none-eabi/13.3.1/../../../../arm-none-eabi/lib/thumb/v7e-m+fp/hard/crt0.o (exit)
/Applications/STM32CubeIDE.app/Contents/Eclipse/plugins/com.st.stm32cube.ide.mcu.externaltools.gnu-tools-for-stm32.13.3.rel1.macos64_1.0.0.202411102158/tools/bin/../lib/gcc/arm-none-eabi/13.3.1/../../../../arm-none-eabi/lib/thumb/v7e-m+fp/hard/libc_nano.a(libc_a-findfp.o)
                              /Applications/STM32CubeIDE.app/Contents/Eclipse/plugins/com.st.stm32cube.ide.mcu.externaltools.gnu-tools-for-stm32.13.3.rel1.macos64_1.0.0.202411102158/tools/bin/../lib/gcc/arm-none-eabi/13.3.1/../../../../arm-none-eabi/lib/thumb/v7e-m+fp/hard/libc_nano.a(libc_a-exit.o) (__stdio_exit_handler)
/Applications/STM32CubeIDE.app/Contents/Eclipse/plugins/com.st.stm32cube.ide.mcu.externaltools.gnu-tools-for-stm32.13.3.rel1.macos64_1.0.0.202411102158/tools/bin/../lib/gcc/arm-none-eabi/13.3.1/../../../../arm-none-eabi/lib/thumb/v7e-m+fp/hard/libc_nano.a(libc_a-fwalk.o)
                              /Applications/STM32CubeIDE.app/Contents/Eclipse/plugins/com.st.stm32cube.ide.mcu.externaltools.gnu-tools-for-stm32.13.3.rel1.macos64_1.0.0.202411102158/tools/bin/../lib/gcc/arm-none-eabi/13.3.1/../../../../arm-none-eabi/lib/thumb/v7e-m+fp/hard/libc_nano.a(libc_a-findfp.o) (_fwalk_sglue)
/Applications/STM32CubeIDE.app/Contents/Eclipse/plugins/com.st.stm32cube.ide.mcu.externaltools.gnu-tools-for-stm32.13.3.rel1.macos64_1.0.0.202411102158/tools/bin/../lib/gcc/arm-none-eabi/13.3.1/../../../../arm-none-eabi/lib/thumb/v7e-m+fp/hard/libc_nano.a(libc_a-memset.o)
                              /Applications/STM32CubeIDE.app/Contents/Eclipse/plugins/com.st.stm32cube.ide.mcu.externaltools.gnu-tools-for-stm32.13.3.rel1.macos64_1.0.0.202411102158/tools/bin/../lib/gcc/arm-none-eabi/13.3.1/../../../../arm-none-eabi/lib/thumb/v7e-m+fp/hard/crt0.o (memset)
/Applications/STM32CubeIDE.app/Contents/Eclipse/plugins/com.st.stm32cube.ide.mcu.externaltools.gnu-tools-for-stm32.13.3.rel1.macos64_1.0.0.202411102158/tools/bin/../lib/gcc/arm-none-eabi/13.3.1/../../../../arm-none-eabi/lib/thumb/v7e-m+fp/hard/libc_nano.a(libc_a-errno.o)
                              ./Core/Src/syscalls.o (__errno)
/Applications/STM32CubeIDE.app/Contents/Eclipse/plugins/com.st.stm32cube.ide.mcu.externaltools.gnu-tools-for-stm32.13.3.rel1.macos64_1.0.0.202411102158/tools/bin/../lib/gcc/arm-none-eabi/13.3.1/../../../../arm-none-eabi/lib/thumb/v7e-m+fp/hard/libc_nano.a(libc_a-init.o)
                              /Applications/STM32CubeIDE.app/Contents/Eclipse/plugins/com.st.stm32cube.ide.mcu.externaltools.gnu-tools-for-stm32.13.3.rel1.macos64_1.0.0.202411102158/tools/bin/../lib/gcc/arm-none-eabi/13.3.1/../../../../arm-none-eabi/lib/thumb/v7e-m+fp/hard/crt0.o (__libc_init_array)
/Applications/STM32CubeIDE.app/Contents/Eclipse/plugins/com.st.stm32cube.ide.mcu.externaltools.gnu-tools-for-stm32.13.3.rel1.macos64_1.0.0.202411102158/tools/bin/../lib/gcc/arm-none-eabi/13.3.1/../../../../arm-none-eabi/lib/thumb/v7e-m+fp/hard/libc_nano.a(libc_a-lock.o)
                              /Applications/STM32CubeIDE.app/Contents/Eclipse/plugins/com.st.stm32cube.ide.mcu.externaltools.gnu-tools-for-stm32.13.3.rel1.macos64_1.0.0.202411102158/tools/bin/../lib/gcc/arm-none-eabi/13.3.1/../../../../arm-none-eabi/lib/thumb/v7e-m+fp/hard/libc_nano.a(libc_a-findfp.o) (__retarget_lock_init_recursive)
/Applications/STM32CubeIDE.app/Contents/Eclipse/plugins/com.st.stm32cube.ide.mcu.externaltools.gnu-tools-for-stm32.13.3.rel1.macos64_1.0.0.202411102158/tools/bin/../lib/gcc/arm-none-eabi/13.3.1/../../../../arm-none-eabi/lib/thumb/v7e-m+fp/hard/libc_nano.a(libc_a-impure.o)
                              /Applications/STM32CubeIDE.app/Contents/Eclipse/plugins/com.st.stm32cube.ide.mcu.externaltools.gnu-tools-for-stm32.13.3.rel1.macos64_1.0.0.202411102158/tools/bin/../lib/gcc/arm-none-eabi/13.3.1/../../../../arm-none-eabi/lib/thumb/v7e-m+fp/hard/libc_nano.a(libc_a-errno.o) (_impure_ptr)
/Applications/STM32CubeIDE.app/Contents/Eclipse/plugins/com.st.stm32cube.ide.mcu.externaltools.gnu-tools-for-stm32.13.3.rel1.macos64_1.0.0.202411102158/tools/bin/../lib/gcc/arm-none-eabi/13.3.1/../../../../arm-none-eabi/lib/thumb/v7e-m+fp/hard/libc_nano.a(libc_a-memcpy-stub.o)
                              ./Core/Src/ICM45686.o (memcpy)
[...]
Memory Configuration

Name             Origin             Length             Attributes
RAM              0x20000000         0x00020000         xrw
FLASH            0x08000000         0x00080000         xr
*default*        0x00000000         0xffffffff

Linker script and memory map

LOAD /Applications/STM32CubeIDE.app/Contents/Eclipse/plugins/com.st.stm32cube.ide.mcu.externaltools.gnu-tools-for-stm32.13.3.rel1.macos64_1.0.0.202411102158/tools/bin/../lib/gcc/arm-none-eabi/13.3.1/thumb/v7e-m+fp/hard/crti.o
LOAD /Applications/STM32CubeIDE.app/Contents/Eclipse/plugins/com.st.stm32cube.ide.mcu.externaltools.gnu-tools-for-stm32.13.3.rel1.macos64_1.0.0.202411102158/tools/bin/../lib/gcc/arm-none-eabi/13.3.1/thumb/v7e-m+fp/hard/crtbegin.o
LOAD /Applications/STM32CubeIDE.app/Contents/Eclipse/plugins/com.st.stm32cube.ide.mcu.externaltools.gnu-tools-for-stm32.13.3.rel1.macos64_1.0.0.202411102158/tools/bin/../lib/gcc/arm-none-eabi/13.3.1/../../../../arm-none-eabi/lib/thumb/v7e-m+fp/hard/crt0.o
LOAD ./Core/Src/ICM45686.o
LOAD ./Core/Src/LIS2MDL.o
LOAD ./Core/Src/SensorFusion.o
LOAD ./Core/Src/main.o
LOAD ./Core/Src/spi_bus.o
LOAD ./Core/Src/stm32f4xx_hal_msp.o
LOAD ./Core/Src/stm32f4xx_it.o
LOAD ./Core/Src/syscalls.o
LOAD ./Core/Src/sysmem.o
LOAD ./Core/Src/system_stm32f4xx.o
LOAD ./Core/Startup/startup_stm32f411ceux.o
LOAD ./Drivers/STM32F4xx_HAL_Driver/Src/stm32f4xx_hal.o
LOAD ./Drivers/STM32F4xx_HAL_Driver/Src/stm32f4xx_hal_cortex.o
LOAD ./Drivers/STM32F4xx_HAL_Driver/Src/stm32f4xx_hal_crc.o
LOAD ./Drivers/STM32F4xx_HAL_Driver/Src/stm32f4xx_hal_dma.o
LOAD ./Drivers/STM32F4xx_HAL_Driver/Src/stm32f4xx_hal_dma_ex.o
LOAD ./Drivers/STM32F4xx_HAL_Driver/Src/stm32f4xx_hal_exti.o
LOAD ./Drivers/STM32F4xx_HAL_Driver/Src/stm32f4xx_hal_flash.o
LOAD ./Drivers/STM32F4xx_HAL_Driver/Src/stm32f4xx_hal_flash_ex.o
LOAD ./Drivers/STM32F4xx_HAL_Driver/Src/stm32f4xx_hal_flash_ramfunc.o
LOAD ./Drivers/STM32F4xx_HAL_Driver/Src/stm32f4xx_hal_gpio.o
LOAD ./Drivers/STM32F4xx_HAL_Driver/Src/stm32f4xx_hal_pcd.o
LOAD ./Drivers/STM32F4xx_HAL_Driver/Src/stm32f4xx_hal_pcd_ex.o
LOAD ./Drivers/STM32F4xx_HAL_Driver/Src/stm32f4xx_hal_pwr.o
LOAD ./Drivers/STM32F4xx_HAL_Driver/Src/stm32f4xx_hal_pwr_ex.o
LOAD ./Drivers/STM32F4xx_HAL_Driver/Src/stm32f4xx_hal_rcc.o
LOAD ./Drivers/STM32F4xx_HAL_Driver/Src/stm32f4xx_hal_rcc_ex.o
LOAD ./Drivers/STM32F4xx_HAL_Driver/Src/stm32f4xx_hal_spi.o
LOAD ./Drivers/STM32F4xx_HAL_Driver/Src/stm32f4xx_ll_usb.o
START GROUP
LOAD /Applications/STM32CubeIDE.app/Contents/Eclipse/plugins/com.st.stm32cube.ide.mcu.externaltools.gnu-tools-for-stm32.13.3.rel1.macos64_1.0.0.202411102158/tools/bin/../lib/gcc/arm-none-eabi/13.3.1/../../../../arm-none-eabi/lib/thumb/v7e-m+fp/hard/libc_nano.a
LOAD /Applications/STM32CubeIDE.app/Contents/Eclipse/plugins/com.st.stm32cube.ide.mcu.externaltools.gnu-tools-for-stm32.13.3.rel1.macos64_1.0.0.202411102158/tools/bin/../lib/gcc/arm-none-eabi/13.3.1/../../../../arm-none-eabi/lib/thumb/v7e-m+fp/hard/libm.a
END GROUP
START GROUP
LOAD /Applications/STM32CubeIDE.app/Contents/Eclipse/plugins/com.st.stm32cube.ide.mcu.externaltools.gnu-tools-for-stm32.13.3.rel1.macos64_1.0.0.202411102158/tools/bin/../lib/gcc/arm-none-eabi/13.3.1/thumb/v7e-m+fp/hard/libgcc.a
LOAD /Applications/STM32CubeIDE.app/Contents/Eclipse/plugins/com.st.stm32cube.ide.mcu.externaltools.gnu-tools-for-stm32.13.3.rel1.macos64_1.0.0.202411102158/tools/bin/../lib/gcc/arm-none-eabi/13.3.1/../../../../arm-none-eabi/lib/thumb/v7e-m+fp/hard/libc_nano.a
END GROUP
START GROUP
LOAD /Applications/STM32CubeIDE.app/Contents/Eclipse/plugins/com.st.stm32cube.ide.mcu.externaltools.gnu-tools-for-stm32.13.3.rel1.macos64_1.0.0.202411102158/tools/bin/../lib/gcc/arm-none-eabi/13.3.1/thumb/v7e-m+fp/hard/libgcc.a
LOAD /Applications/STM32CubeIDE.app/Contents/Eclipse/plugins/com.st.stm32cube.ide.mcu.externaltools.gnu-tools-for-stm32.13.3.rel1.macos64_1.0.0.202411102158/tools/bin/../lib/gcc/arm-none-eabi/13.3.1/../../../../arm-none-eabi/lib/thumb/v7e-m+fp/hard/libc_nano.a
LOAD /Applications/STM32CubeIDE.app/Contents/Eclipse/plugins/com.st.stm32cube.ide.mcu.externaltools.gnu-tools-for-stm32.13.3.rel1.macos64_1.0.0.202411102158/tools/bin/../lib/gcc/arm-none-eabi/13.3.1/../../../../arm-none-eabi/lib/thumb/v7e-m+fp/hard/libnosys.a
END GROUP
START GROUP
LOAD /Applications/STM32CubeIDE.app/Contents/Eclipse/plugins/com.st.stm32cube.ide.mcu.externaltools.gnu-tools-for-stm32.13.3.rel1.macos64_1.0.0.202411102158/tools/bin/../lib/gcc/arm-none-eabi/13.3.1/thumb/v7e-m+fp/hard/libgcc.a
LOAD /Applications/STM32CubeIDE.app/Contents/Eclipse/plugins/com.st.stm32cube.ide.mcu.externaltools.gnu-tools-for-stm32.13.3.rel1.macos64_1.0.0.202411102158/tools/bin/../lib/gcc/arm-none-eabi/13.3.1/../../../../arm-none-eabi/lib/thumb/v7e-m+fp/hard/libc_nano.a
LOAD /Applications/STM32CubeIDE.app/Contents/Eclipse/plugins/com.st.stm32cube.ide.mcu.externaltools.gnu-tools-for-stm32.13.3.rel1.macos64_1.0.0.202411102158/tools/bin/../lib/gcc/arm-none-eabi/13.3.1/../../../../arm-none-eabi/lib/thumb/v7e-m+fp/hard/libnosys.a
END GROUP
LOAD /Applications/STM32CubeIDE.app/Contents/Eclipse/plugins/com.st.stm32cube.ide.mcu.externaltools.gnu-tools-for-stm32.13.3.rel1.macos64_1.0.0.202411102158/tools/bin/../lib/gcc/arm-none-eabi/13.3.1/thumb/v7e-m+fp/hard/crtend.o
LOAD /Applications/STM32CubeIDE.app/Contents/Eclipse/plugins/com.st.stm32cube.ide.mcu.externaltools.gnu-tools-for-stm32.13.3.rel1.macos64_1.0.0.202411102158/tools/bin/../lib/gcc/arm-none-eabi/13.3.1/thumb/v7e-m+fp/hard/crtn.o
                0x20020000                        _estack = (ORIGIN (RAM) + LENGTH (RAM))
                0x00000200                        _Min_Heap_Size = 0x200
                0x00000400                        _Min_Stack_Size = 0x400

.isr_vector     0x08000000      0x198
                0x08000000                        . = ALIGN (0x4)
 *(.isr_vector)
 .isr_vector    0x08000000      0x198 ./Core/Startup/startup_stm32f411ceux.o
                0x08000000                g_pfnVectors
                0x08000198                        . = ALIGN (0x4)

.text           0x08000198     0x4298
                0x08000198                        . = ALIGN (0x4)
 *(.text)
 .text          0x08000198       0x40 /Applications/STM32CubeIDE.app/Contents/Eclipse/plugins/com.st.stm32cube.ide.mcu.externaltools.gnu-tools-for-stm32.13.3.rel1.macos64_1.0.0.202411102158/tools/bin/../lib/gcc/arm-none-eabi/13.3.1/thumb/v7e-m+fp/hard/crtbegin.o
 .text          0x080001d8       0x30 /Applications/STM32CubeIDE.app/Contents/Eclipse/plugins/com.st.stm32cube.ide.mcu.externaltools.gnu-tools-for-stm32.13.3.rel1.macos64_1.0.0.202411102158/tools/bin/../lib/gcc/arm-none-eabi/13.3.1/thumb/v7e-m+fp/hard/libgcc.a(_aeabi_uldivmod.o)
                0x080001d8                __aeabi_uldivmod
 .text          0x08000208      0x2f8 /Applications/STM32CubeIDE.app/Contents/Eclipse/plugins/com.st.stm32cube.ide.mcu.externaltools.gnu-tools-for-stm32.13.3.rel1.macos64_1.0.0.202411102158/tools/bin/../lib/gcc/arm-none-eabi/13.3.1/thumb/v7e-m+fp/hard/libgcc.a(_udivmoddi4.o)
                0x08000208                __udivmoddi4
 .text          0x08000500        0x4 /Applications/STM32CubeIDE.app/Contents/Eclipse/plugins/com.st.stm32cube.ide.mcu.externaltools.gnu-tools-for-stm32.13.3.rel1.macos64_1.0.0.202411102158/tools/bin/../lib/gcc/arm-none-eabi/13.3.1/thumb/v7e-m+fp/hard/libgcc.a(_dvmd_tls.o)
                0x08000500                __aeabi_ldiv0
                0x08000500                __aeabi_idiv0
 *(.text*)
 .text.icm45686_write_register
                0x08000504       0x34 ./Core/Src/ICM45686.o
 .text.icm45686_read_register
                0x08000538       0x32 ./Core/Src/ICM45686.o
 .text.icm45686_read_registers
                0x0800056a       0x38 ./Core/Src/ICM45686.o
 .text.icm45686_calculate_accel_scale
                0x080005a2       0x7c ./Core/Src/ICM45686.o
 *fill*         0x0800061e        0x2 
 .text.icm45686_calculate_gyro_scale
                0x08000620       0xcc ./Core/Src/ICM45686.o
 .text.icm45686_convert_temperature
                0x080006ec       0x38 ./Core/Src/ICM45686.o
 .text.icm45686_verify_device_id
                0x08000724       0x36 ./Core/Src/ICM45686.o
 .text.icm45686_configure_device
                0x0800075a       0xb2 ./Core/Src/ICM45686.o
 .text.icm45686_init
                0x0800080c       0xcc ./Core/Src/ICM45686.o
                0x0800080c                icm45686_init
 .text.icm45686_read_who_am_i
                0x080008d8       0x30 ./Core/Src/ICM45686.o
                0x080008d8                icm45686_read_who_am_i
 .text.icm45686_read_raw_data
                0x08000908       0xe0 ./Core/Src/ICM45686.o
                0x08000908                icm45686_read_raw_data
 .text.icm45686_read_scaled_data
                0x080009e8       0xfa ./Core/Src/ICM45686.o
                0x080009e8                icm45686_read_scaled_data
 .text.icm45686_soft_reset
                0x08000ae2       0x3a ./Core/Src/ICM45686.o
                0x08000ae2                icm45686_soft_reset
 .text.icm45686_set_accel_fsr
                0x08000b1c       0x82 ./Core/Src/ICM45686.o
                0x08000b1c                icm45686_set_accel_fsr
 .text.icm45686_set_gyro_fsr
                0x08000b9e       0x82 ./Core/Src/ICM45686.o
                0x08000b9e                icm45686_set_gyro_fsr
 .text.icm45686_set_accel_odr
                0x08000c20       0x70 ./Core/Src/ICM45686.o
                0x08000c20                icm45686_set_accel_odr
 .text.icm45686_set_gyro_odr
                0x08000c90       0x70 ./Core/Src/ICM45686.o
                0x08000c90                icm45686_set_gyro_odr
 .text.icm45686_set_power_mode
                0x08000d00       0x64 ./Core/Src/ICM45686.o
                0x08000d00                icm45686_set_power_mode
 .text.imu_init
                0x08000d64       0x74 ./Core/Src/main.o
                0x08000d64                imu_init
 .text.main     0x08000dd8       0x48 ./Core/Src/main.o
                0x08000dd8                main
 .text.SystemClock_Config
                0x08000e20       0xd0 ./Core/Src/main.o
                0x08000e20                SystemClock_Config
 .text.MX_CRC_Init
                0x08000ef0       0x28 ./Core/Src/main.o
 .text.MX_SPI1_Init
                0x08000f18       0x6c ./Core/Src/main.o
 .text.MX_USB_OTG_FS_PCD_Init
                0x08000f84       0x5c ./Core/Src/main.o
 .text.MX_DMA_Init
                0x08000fe0       0x50 ./Core/Src/main.o
 .text.MX_GPIO_Init
                0x08001030       0xec ./Core/Src/main.o
 .text.HAL_GPIO_EXTI_Callback
                0x0800111c       0x28 ./Core/Src/main.o
                0x0800111c                HAL_GPIO_EXTI_Callback
 .text.Error_Handler
                0x08001144        0xc ./Core/Src/main.o
                0x08001144                Error_Handler
 .text.spi_bus_init_device
                0x08001150       0x54 ./Core/Src/spi_bus.o
                0x08001150                spi_bus_init_device
 .text.spi_bus_write_register
                0x080011a4       0x66 ./Core/Src/spi_bus.o
                0x080011a4                spi_bus_write_register
 .text.spi_bus_read_register
                0x0800120a       0x70 ./Core/Src/spi_bus.o
                0x0800120a                spi_bus_read_register
 *fill*         0x0800127a        0x2 
 .text.spi_bus_read_registers
                0x0800127c       0xe4 ./Core/Src/spi_bus.o
                0x0800127c                spi_bus_read_registers
 .text.spi_bus_wait_transfer_complete
                0x08001360       0x50 ./Core/Src/spi_bus.o
                0x08001360                spi_bus_wait_transfer_complete
 .text.spi_cs_select
                0x080013b0       0x3c ./Core/Src/spi_bus.o
 .text.spi_cs_deselect
                0x080013ec       0x3a ./Core/Src/spi_bus.o
 *fill*         0x08001426        0x2 
 .text.HAL_SPI_TxRxCpltCallback
                0x08001428       0x20 ./Core/Src/spi_bus.o
                0x08001428                HAL_SPI_TxRxCpltCallback
 .text.HAL_SPI_RxCpltCallback
                0x08001448       0x20 ./Core/Src/spi_bus.o
                0x08001448                HAL_SPI_RxCpltCallback
 .text.HAL_SPI_ErrorCallback
                0x08001468       0x20 ./Core/Src/spi_bus.o
                0x08001468                HAL_SPI_ErrorCallback
 .text.HAL_MspInit
                0x08001488       0x50 ./Core/Src/stm32f4xx_hal_msp.o
                0x08001488                HAL_MspInit
 .text.HAL_CRC_MspInit
                0x080014d8       0x44 ./Core/Src/stm32f4xx_hal_msp.o
                0x080014d8                HAL_CRC_MspInit
 .text.HAL_SPI_MspInit
                0x0800151c      0x15c ./Core/Src/stm32f4xx_hal_msp.o
                0x0800151c                HAL_SPI_MspInit
 .text.HAL_PCD_MspInit
                0x08001678       0x98 ./Core/Src/stm32f4xx_hal_msp.o
                0x08001678                HAL_PCD_MspInit
 .text.NMI_Handler
                0x08001710        0x8 ./Core/Src/stm32f4xx_it.o
                0x08001710                NMI_Handler
 .text.HardFault_Handler
                0x08001718        0x8 ./Core/Src/stm32f4xx_it.o
                0x08001718                HardFault_Handler
 .text.MemManage_Handler
                0x08001720        0x8 ./Core/Src/stm32f4xx_it.o
                0x08001720                MemManage_Handler
 .text.BusFault_Handler
                0x08001728        0x8 ./Core/Src/stm32f4xx_it.o
                0x08001728                BusFault_Handler
 .text.UsageFault_Handler
                0x08001730        0x8 ./Core/Src/stm32f4xx_it.o
                0x08001730                UsageFault_Handler
 .text.SVC_Handler
                0x08001738        0xe ./Core/Src/stm32f4xx_it.o
                0x08001738                SVC_Handler
 .text.DebugMon_Handler
                0x08001746        0xe ./Core/Src/stm32f4xx_it.o
                0x08001746                DebugMon_Handler
 .text.PendSV_Handler
                0x08001754        0xe ./Core/Src/stm32f4xx_it.o
                0x08001754                PendSV_Handler
 .text.SysTick_Handler
                0x08001762        0xc ./Core/Src/stm32f4xx_it.o
                0x08001762                SysTick_Handler
 .text.EXTI0_IRQHandler
                0x0800176e        0xe ./Core/Src/stm32f4xx_it.o
                0x0800176e                EXTI0_IRQHandler
 .text.DMA2_Stream0_IRQHandler
                0x0800177c       0x14 ./Core/Src/stm32f4xx_it.o
                0x0800177c                DMA2_Stream0_IRQHandler
 .text.DMA2_Stream2_IRQHandler
                0x08001790       0x14 ./Core/Src/stm32f4xx_it.o
                0x08001790                DMA2_Stream2_IRQHandler
 .text.SystemInit
                0x080017a4       0x24 ./Core/Src/system_stm32f4xx.o
                0x080017a4                SystemInit
 .text.Reset_Handler
                0x080017c8       0x50 ./Core/Startup/startup_stm32f411ceux.o
                0x080017c8                Reset_Handler
 .text.Default_Handler
                0x08001818        0x2 ./Core/Startup/startup_stm32f411ceux.o
                0x08001818                DMA1_Stream3_IRQHandler
                0x08001818                EXTI2_IRQHandler
                0x08001818                SPI4_IRQHandler
                0x08001818                TIM1_CC_IRQHandler
                0x08001818                DMA2_Stream5_IRQHandler
                0x08001818                DMA1_Stream5_IRQHandler
                0x08001818                PVD_IRQHandler
                0x08001818                SDIO_IRQHandler
                0x08001818                TAMP_STAMP_IRQHandler
                0x08001818                EXTI3_IRQHandler
                0x08001818                TIM1_UP_TIM10_IRQHandler
                0x08001818                I2C3_ER_IRQHandler
                0x08001818                I2C2_EV_IRQHandler
                0x08001818                DMA1_Stream2_IRQHandler
                0x08001818                FPU_IRQHandler
                0x08001818                SPI1_IRQHandler
                0x08001818                TIM1_BRK_TIM9_IRQHandler
                0x08001818                DMA2_Stream3_IRQHandler
                0x08001818                USART6_IRQHandler
                0x08001818                TIM4_IRQHandler
                0x08001818                I2C1_EV_IRQHandler
                0x08001818                DMA1_Stream6_IRQHandler
                0x08001818                DMA1_Stream1_IRQHandler
                0x08001818                TIM3_IRQHandler
                0x08001818                RCC_IRQHandler
                0x08001818                Default_Handler
                0x08001818                EXTI15_10_IRQHandler
                0x08001818                ADC_IRQHandler
                0x08001818                DMA1_Stream7_IRQHandler
                0x08001818                SPI5_IRQHandler
                0x08001818                TIM5_IRQHandler
                0x08001818                DMA2_Stream7_IRQHandler
                0x08001818                I2C3_EV_IRQHandler
                0x08001818                EXTI9_5_IRQHandler
                0x08001818                RTC_WKUP_IRQHandler
                0x08001818                SPI2_IRQHandler
                0x08001818                DMA1_Stream0_IRQHandler
                0x08001818                EXTI4_IRQHandler
                0x08001818                WWDG_IRQHandler
                0x08001818                TIM2_IRQHandler
                0x08001818                OTG_FS_WKUP_IRQHandler
                0x08001818                TIM1_TRG_COM_TIM11_IRQHandler
                0x08001818                EXTI1_IRQHandler
                0x08001818                USART2_IRQHandler
                0x08001818                I2C2_ER_IRQHandler
                0x08001818                DMA2_Stream1_IRQHandler
                0x08001818                FLASH_IRQHandler
                0x08001818                DMA2_Stream4_IRQHandler
                0x08001818                USART1_IRQHandler
                0x08001818                OTG_FS_IRQHandler
                0x08001818                SPI3_IRQHandler
                0x08001818                DMA1_Stream4_IRQHandler
                0x08001818                I2C1_ER_IRQHandler
                0x08001818                DMA2_Stream6_IRQHandler
                0x08001818                RTC_Alarm_IRQHandler
 *fill*         0x0800181a        0x2 
 .text.HAL_Init
                0x0800181c       0x44 ./Drivers/STM32F4xx_HAL_Driver/Src/stm32f4xx_hal.o
                0x0800181c                HAL_Init
 .text.HAL_InitTick
                0x08001860       0x60 ./Drivers/STM32F4xx_HAL_Driver/Src/stm32f4xx_hal.o
                0x08001860                HAL_InitTick
 .text.HAL_IncTick
                0x080018c0       0x28 ./Drivers/STM32F4xx_HAL_Driver/Src/stm32f4xx_hal.o
                0x080018c0                HAL_IncTick
 .text.HAL_GetTick
                0x080018e8       0x18 ./Drivers/STM32F4xx_HAL_Driver/Src/stm32f4xx_hal.o
                0x080018e8                HAL_GetTick
 .text.HAL_Delay
                0x08001900       0x48 ./Drivers/STM32F4xx_HAL_Driver/Src/stm32f4xx_hal.o
                0x08001900                HAL_Delay
 .text.__NVIC_SetPriorityGrouping
                0x08001948       0x48 ./Drivers/STM32F4xx_HAL_Driver/Src/stm32f4xx_hal_cortex.o
 .text.__NVIC_GetPriorityGrouping
                0x08001990       0x1c ./Drivers/STM32F4xx_HAL_Driver/Src/stm32f4xx_hal_cortex.o
 .text.__NVIC_EnableIRQ
                0x080019ac       0x3c ./Drivers/STM32F4xx_HAL_Driver/Src/stm32f4xx_hal_cortex.o
 .text.__NVIC_SetPriority
                0x080019e8       0x54 ./Drivers/STM32F4xx_HAL_Driver/Src/stm32f4xx_hal_cortex.o
 .text.NVIC_EncodePriority
                0x08001a3c       0x66 ./Drivers/STM32F4xx_HAL_Driver/Src/stm32f4xx_hal_cortex.o
 *fill*         0x08001aa2        0x2 
 .text.SysTick_Config
                0x08001aa4       0x44 ./Drivers/STM32F4xx_HAL_Driver/Src/stm32f4xx_hal_cortex.o
 .text.HAL_NVIC_SetPriorityGrouping
                0x08001ae8       0x16 ./Drivers/STM32F4xx_HAL_Driver/Src/stm32f4xx_hal_cortex.o
                0x08001ae8                HAL_NVIC_SetPriorityGrouping
 .text.HAL_NVIC_SetPriority
                0x08001afe       0x38 ./Drivers/STM32F4xx_HAL_Driver/Src/stm32f4xx_hal_cortex.o
                0x08001afe                HAL_NVIC_SetPriority
 .text.HAL_NVIC_EnableIRQ
                0x08001b36       0x1c ./Drivers/STM32F4xx_HAL_Driver/Src/stm32f4xx_hal_cortex.o
                0x08001b36                HAL_NVIC_EnableIRQ
 .text.HAL_SYSTICK_Config
                0x08001b52       0x18 ./Drivers/STM32F4xx_HAL_Driver/Src/stm32f4xx_hal_cortex.o
                0x08001b52                HAL_SYSTICK_Config
 .text.HAL_CRC_Init
                0x08001b6a       0x38 ./Drivers/STM32F4xx_HAL_Driver/Src/stm32f4xx_hal_crc.o
                0x08001b6a                HAL_CRC_Init
 *fill*         0x08001ba2        0x2 
 .text.HAL_DMA_Init
                0x08001ba4      0x15c ./Drivers/STM32F4xx_HAL_Driver/Src/stm32f4xx_hal_dma.o
                0x08001ba4                HAL_DMA_Init
 .text.HAL_DMA_Start_IT
                0x08001d00       0xb0 ./Drivers/STM32F4xx_HAL_Driver/Src/stm32f4xx_hal_dma.o
                0x08001d00                HAL_DMA_Start_IT
 .text.HAL_DMA_IRQHandler
                0x08001db0      0x314 ./Drivers/STM32F4xx_HAL_Driver/Src/stm32f4xx_hal_dma.o
                0x08001db0                HAL_DMA_IRQHandler
 .text.DMA_SetConfig
                0x080020c4       0x5c ./Drivers/STM32F4xx_HAL_Driver/Src/stm32f4xx_hal_dma.o
 .text.DMA_CalcBaseAndBitshift
                0x08002120       0x6c ./Drivers/STM32F4xx_HAL_Driver/Src/stm32f4xx_hal_dma.o
 .text.DMA_CheckFifoParam
                0x0800218c       0xf8 ./Drivers/STM32F4xx_HAL_Driver/Src/stm32f4xx_hal_dma.o
 .text.HAL_GPIO_Init
                0x08002284      0x308 ./Drivers/STM32F4xx_HAL_Driver/Src/stm32f4xx_hal_gpio.o
                0x08002284                HAL_GPIO_Init
 .text.HAL_GPIO_WritePin
                0x0800258c       0x32 ./Drivers/STM32F4xx_HAL_Driver/Src/stm32f4xx_hal_gpio.o
                0x0800258c                HAL_GPIO_WritePin
 *fill*         0x080025be        0x2 
 .text.HAL_GPIO_EXTI_IRQHandler
                0x080025c0       0x30 ./Drivers/STM32F4xx_HAL_Driver/Src/stm32f4xx_hal_gpio.o
                0x080025c0                HAL_GPIO_EXTI_IRQHandler
 .text.HAL_PCD_Init
                0x080025f0      0x21e ./Drivers/STM32F4xx_HAL_Driver/Src/stm32f4xx_hal_pcd.o
                0x080025f0                HAL_PCD_Init
 *fill*         0x0800280e        0x2 
 .text.HAL_RCC_OscConfig
                0x08002810      0x4f0 ./Drivers/STM32F4xx_HAL_Driver/Src/stm32f4xx_hal_rcc.o
                0x08002810                HAL_RCC_OscConfig
 .text.HAL_RCC_ClockConfig
                0x08002d00      0x1cc ./Drivers/STM32F4xx_HAL_Driver/Src/stm32f4xx_hal_rcc.o
                0x08002d00                HAL_RCC_ClockConfig
 .text.HAL_RCC_GetSysClockFreq
                0x08002ecc      0x18c ./Drivers/STM32F4xx_HAL_Driver/Src/stm32f4xx_hal_rcc.o
                0x08002ecc                HAL_RCC_GetSysClockFreq
 .text.HAL_SPI_Init
                0x08003058      0x112 ./Drivers/STM32F4xx_HAL_Driver/Src/stm32f4xx_hal_spi.o
                0x08003058                HAL_SPI_Init
 .text.HAL_SPI_Transmit
                0x0800316a      0x288 ./Drivers/STM32F4xx_HAL_Driver/Src/stm32f4xx_hal_spi.o
                0x0800316a                HAL_SPI_Transmit
 .text.HAL_SPI_TransmitReceive
                0x080033f2      0x352 ./Drivers/STM32F4xx_HAL_Driver/Src/stm32f4xx_hal_spi.o
                0x080033f2                HAL_SPI_TransmitReceive
 .text.HAL_SPI_TransmitReceive_DMA
                0x08003744      0x1f8 ./Drivers/STM32F4xx_HAL_Driver/Src/stm32f4xx_hal_spi.o
                0x08003744                HAL_SPI_TransmitReceive_DMA
 .text.HAL_SPI_RxHalfCpltCallback
                0x0800393c       0x14 ./Drivers/STM32F4xx_HAL_Driver/Src/stm32f4xx_hal_spi.o
                0x0800393c                HAL_SPI_RxHalfCpltCallback
 .text.HAL_SPI_TxRxHalfCpltCallback
                0x08003950       0x14 ./Drivers/STM32F4xx_HAL_Driver/Src/stm32f4xx_hal_spi.o
                0x08003950                HAL_SPI_TxRxHalfCpltCallback
 .text.SPI_DMAReceiveCplt
                0x08003964       0xa8 ./Drivers/STM32F4xx_HAL_Driver/Src/stm32f4xx_hal_spi.o
 .text.SPI_DMATransmitReceiveCplt
                0x08003a0c       0x90 ./Drivers/STM32F4xx_HAL_Driver/Src/stm32f4xx_hal_spi.o
 .text.SPI_DMAHalfReceiveCplt
                0x08003a9c       0x1c ./Drivers/STM32F4xx_HAL_Driver/Src/stm32f4xx_hal_spi.o
 .text.SPI_DMAHalfTransmitReceiveCplt
                0x08003ab8       0x1c ./Drivers/STM32F4xx_HAL_Driver/Src/stm32f4xx_hal_spi.o
 .text.SPI_DMAError
                0x08003ad4       0x40 ./Drivers/STM32F4xx_HAL_Driver/Src/stm32f4xx_hal_spi.o
 .text.SPI_WaitFlagStateUntilTimeout
                0x08003b14      0x110 ./Drivers/STM32F4xx_HAL_Driver/Src/stm32f4xx_hal_spi.o
 .text.SPI_EndRxTransaction
                0x08003c24       0xca ./Drivers/STM32F4xx_HAL_Driver/Src/stm32f4xx_hal_spi.o
 *fill*         0x08003cee        0x2 
 .text.SPI_EndRxTxTransaction
                0x08003cf0       0xa8 ./Drivers/STM32F4xx_HAL_Driver/Src/stm32f4xx_hal_spi.o
 .text.USB_CoreInit
                0x08003d98       0xc8 ./Drivers/STM32F4xx_HAL_Driver/Src/stm32f4xx_ll_usb.o
                0x08003d98                USB_CoreInit
 .text.USB_DisableGlobalInt
                0x08003e60       0x22 ./Drivers/STM32F4xx_HAL_Driver/Src/stm32f4xx_ll_usb.o
                0x08003e60                USB_DisableGlobalInt
 .text.USB_SetCurrentMode
                0x08003e82       0x98 ./Drivers/STM32F4xx_HAL_Driver/Src/stm32f4xx_ll_usb.o
                0x08003e82                USB_SetCurrentMode
 *fill*         0x08003f1a        0x2 
 .text.USB_DevInit
                0x08003f1c      0x2c8 ./Drivers/STM32F4xx_HAL_Driver/Src/stm32f4xx_ll_usb.o
                0x08003f1c                USB_DevInit
 .text.USB_FlushTxFifo
                0x080041e4       0x64 ./Drivers/STM32F4xx_HAL_Driver/Src/stm32f4xx_ll_usb.o
                0x080041e4                USB_FlushTxFifo
 .text.USB_FlushRxFifo
                0x08004248       0x5c ./Drivers/STM32F4xx_HAL_Driver/Src/stm32f4xx_ll_usb.o
                0x08004248                USB_FlushRxFifo
 .text.USB_SetDevSpeed
                0x080042a4       0x32 ./Drivers/STM32F4xx_HAL_Driver/Src/stm32f4xx_ll_usb.o
                0x080042a4                USB_SetDevSpeed
 .text.USB_DevDisconnect
                0x080042d6       0x42 ./Drivers/STM32F4xx_HAL_Driver/Src/stm32f4xx_ll_usb.o
                0x080042d6                USB_DevDisconnect
 .text.USB_GetMode
                0x08004318       0x1c ./Drivers/STM32F4xx_HAL_Driver/Src/stm32f4xx_ll_usb.o
                0x08004318                USB_GetMode
 .text.USB_CoreReset
                0x08004334       0x70 ./Drivers/STM32F4xx_HAL_Driver/Src/stm32f4xx_ll_usb.o
 .text.memset   0x080043a4       0x10 /Applications/STM32CubeIDE.app/Contents/Eclipse/plugins/com.st.stm32cube.ide.mcu.externaltools.gnu-tools-for-stm32.13.3.rel1.macos64_1.0.0.202411102158/tools/bin/../lib/gcc/arm-none-eabi/13.3.1/../../../../arm-none-eabi/lib/thumb/v7e-m+fp/hard/libc_nano.a(libc_a-memset.o)
                0x080043a4                memset
 .text.__libc_init_array
                0x080043b4       0x48 /Applications/STM32CubeIDE.app/Contents/Eclipse/plugins/com.st.stm32cube.ide.mcu.externaltools.gnu-tools-for-stm32.13.3.rel1.macos64_1.0.0.202411102158/tools/bin/../lib/gcc/arm-none-eabi/13.3.1/../../../../arm-none-eabi/lib/thumb/v7e-m+fp/hard/libc_nano.a(libc_a-init.o)
                0x080043b4                __libc_init_array
 .text.memcpy   0x080043fc       0x1c /Applications/STM32CubeIDE.app/Contents/Eclipse/plugins/com.st.stm32cube.ide.mcu.externaltools.gnu-tools-for-stm32.13.3.rel1.macos64_1.0.0.202411102158/tools/bin/../lib/gcc/arm-none-eabi/13.3.1/../../../../arm-none-eabi/lib/thumb/v7e-m+fp/hard/libc_nano.a(libc_a-memcpy-stub.o)
                0x080043fc                memcpy
 *(.glue_7)
 .glue_7        0x08004418        0x0 linker stubs
 *(.glue_7t)
 .glue_7t       0x08004418        0x0 linker stubs
 *(.eh_frame)
 .eh_frame      0x08004418        0x0 /Applications/STM32CubeIDE.app/Contents/Eclipse/plugins/com.st.stm32cube.ide.mcu.externaltools.gnu-tools-for-stm32.13.3.rel1.macos64_1.0.0.202411102158/tools/bin/../lib/gcc/arm-none-eabi/13.3.1/thumb/v7e-m+fp/hard/crtbegin.o
 *(.init)
 .init          0x08004418        0x4 /Applications/STM32CubeIDE.app/Contents/Eclipse/plugins/com.st.stm32cube.ide.mcu.externaltools.gnu-tools-for-stm32.13.3.rel1.macos64_1.0.0.202411102158/tools/bin/../lib/gcc/arm-none-eabi/13.3.1/thumb/v7e-m+fp/hard/crti.o
                0x08004418                _init
 .init          0x0800441c        0x8 /Applications/STM32CubeIDE.app/Contents/Eclipse/plugins/com.st.stm32cube.ide.mcu.externaltools.gnu-tools-for-stm32.13.3.rel1.macos64_1.0.0.202411102158/tools/bin/../lib/gcc/arm-none-eabi/13.3.1/thumb/v7e-m+fp/hard/crtn.o
 *(.fini)
 .fini          0x08004424        0x4 /Applications/STM32CubeIDE.app/Contents/Eclipse/plugins/com.st.stm32cube.ide.mcu.externaltools.gnu-tools-for-stm32.13.3.rel1.macos64_1.0.0.202411102158/tools/bin/../lib/gcc/arm-none-eabi/13.3.1/thumb/v7e-m+fp/hard/crti.o
                0x08004424                _fini
 .fini          0x08004428        0x8 /Applications/STM32CubeIDE.app/Contents/Eclipse/plugins/com.st.stm32cube.ide.mcu.externaltools.gnu-tools-for-stm32.13.3.rel1.macos64_1.0.0.202411102158/tools/bin/../lib/gcc/arm-none-eabi/13.3.1/thumb/v7e-m+fp/hard/crtn.o
                0x08004430                        . = ALIGN (0x4)
                0x08004430                        _etext = .

.vfp11_veneer   0x08004430        0x0
 .vfp11_veneer  0x08004430        0x0 linker stubs

.v4_bx          0x08004430        0x0
 .v4_bx         0x08004430        0x0 linker stubs

.iplt           0x08004430        0x0
 .iplt          0x08004430        0x0 /Applications/STM32CubeIDE.app/Contents/Eclipse/plugins/com.st.stm32cube.ide.mcu.externaltools.gnu-tools-for-stm32.13.3.rel1.macos64_1.0.0.202411102158/tools/bin/../lib/gcc/arm-none-eabi/13.3.1/thumb/v7e-m+fp/hard/crtbegin.o

.rodata         0x08004430       0x18
                0x08004430                        . = ALIGN (0x4)
 *(.rodata)
 *(.rodata*)
 .rodata.AHBPrescTable
                0x08004430       0x10 ./Core/Src/system_stm32f4xx.o
                0x08004430                AHBPrescTable
 .rodata.flagBitshiftOffset.0
                0x08004440        0x8 ./Drivers/STM32F4xx_HAL_Driver/Src/stm32f4xx_hal_dma.o
                0x08004448                        . = ALIGN (0x4)

.ARM.extab      0x08004448        0x0
                0x08004448                        . = ALIGN (0x4)
 *(.ARM.extab* .gnu.linkonce.armextab.*)
                0x08004448                        . = ALIGN (0x4)

.ARM            0x08004448        0x8
                0x08004448                        . = ALIGN (0x4)
                0x08004448                        __exidx_start = .
 *(.ARM.exidx*)
 .ARM.exidx     0x08004448        0x8 /Applications/STM32CubeIDE.app/Contents/Eclipse/plugins/com.st.stm32cube.ide.mcu.externaltools.gnu-tools-for-stm32.13.3.rel1.macos64_1.0.0.202411102158/tools/bin/../lib/gcc/arm-none-eabi/13.3.1/thumb/v7e-m+fp/hard/libgcc.a(_udivmoddi4.o)
                0x08004450                        __exidx_end = .
                0x08004450                        . = ALIGN (0x4)

.preinit_array  0x08004450        0x0
                0x08004450                        . = ALIGN (0x4)
                0x08004450                        PROVIDE (__preinit_array_start = .)
 *(.preinit_array*)
                0x08004450                        PROVIDE (__preinit_array_end = .)
                0x08004450                        . = ALIGN (0x4)

.init_array     0x08004450        0x4
                0x08004450                        . = ALIGN (0x4)
                0x08004450                        PROVIDE (__init_array_start = .)
 *(SORT_BY_NAME(.init_array.*))
 *(.init_array*)
 .init_array    0x08004450        0x4 /Applications/STM32CubeIDE.app/Contents/Eclipse/plugins/com.st.stm32cube.ide.mcu.externaltools.gnu-tools-for-stm32.13.3.rel1.macos64_1.0.0.202411102158/tools/bin/../lib/gcc/arm-none-eabi/13.3.1/thumb/v7e-m+fp/hard/crtbegin.o
                0x08004454                        PROVIDE (__init_array_end = .)
                0x08004454                        . = ALIGN (0x4)

.fini_array     0x08004454        0x4
                0x08004454                        . = ALIGN (0x4)
                [!provide]                        PROVIDE (__fini_array_start = .)
 *(SORT_BY_NAME(.fini_array.*))
 *(.fini_array*)
 .fini_array    0x08004454        0x4 /Applications/STM32CubeIDE.app/Contents/Eclipse/plugins/com.st.stm32cube.ide.mcu.externaltools.gnu-tools-for-stm32.13.3.rel1.macos64_1.0.0.202411102158/tools/bin/../lib/gcc/arm-none-eabi/13.3.1/thumb/v7e-m+fp/hard/crtbegin.o
                [!provide]                        PROVIDE (__fini_array_end = .)
                0x08004458                        . = ALIGN (0x4)
                0x08004458                        _sidata = LOADADDR (.data)

.rel.dyn        0x08004458        0x0
 .rel.iplt      0x08004458        0x0 /Applications/STM32CubeIDE.app/Contents/Eclipse/plugins/com.st.stm32cube.ide.mcu.externaltools.gnu-tools-for-stm32.13.3.rel1.macos64_1.0.0.202411102158/tools/bin/../lib/gcc/arm-none-eabi/13.3.1/thumb/v7e-m+fp/hard/crtbegin.o

.data           0x20000000        0xc load address 0x08004458
                0x20000000                        . = ALIGN (0x4)
                0x20000000                        _sdata = .
 *(.data)
 *(.data*)
 .data.SystemCoreClock
                0x20000000        0x4 ./Core/Src/system_stm32f4xx.o
                0x20000000                SystemCoreClock
 .data.uwTickPrio
                0x20000004        0x4 ./Drivers/STM32F4xx_HAL_Driver/Src/stm32f4xx_hal.o
                0x20000004                uwTickPrio
 .data.uwTickFreq
                0x20000008        0x1 ./Drivers/STM32F4xx_HAL_Driver/Src/stm32f4xx_hal.o
                0x20000008                uwTickFreq
 *(.RamFunc)
 *(.RamFunc*)
                0x2000000c                        . = ALIGN (0x4)
 *fill*         0x20000009        0x3 
                0x2000000c                        _edata = .

.igot.plt       0x2000000c        0x0 load address 0x08004464
 .igot.plt      0x2000000c        0x0 /Applications/STM32CubeIDE.app/Contents/Eclipse/plugins/com.st.stm32cube.ide.mcu.externaltools.gnu-tools-for-stm32.13.3.rel1.macos64_1.0.0.202411102158/tools/bin/../lib/gcc/arm-none-eabi/13.3.1/thumb/v7e-m+fp/hard/crtbegin.o
                0x2000000c                        . = ALIGN (0x4)

.bss            0x2000000c      0x86c load address 0x08004464
                0x2000000c                        _sbss = .
                0x2000000c                        __bss_start__ = _sbss
 *(.bss)
 .bss           0x2000000c       0x1c /Applications/STM32CubeIDE.app/Contents/Eclipse/plugins/com.st.stm32cube.ide.mcu.externaltools.gnu-tools-for-stm32.13.3.rel1.macos64_1.0.0.202411102158/tools/bin/../lib/gcc/arm-none-eabi/13.3.1/thumb/v7e-m+fp/hard/crtbegin.o
 *(.bss*)
 .bss.hcrc      0x20000028        0x8 ./Core/Src/main.o
                0x20000028                hcrc
 .bss.hspi1     0x20000030       0x58 ./Core/Src/main.o
                0x20000030                hspi1
 .bss.hdma_spi1_rx
                0x20000088       0x60 ./Core/Src/main.o
                0x20000088                hdma_spi1_rx
 .bss.hdma_spi1_tx
                0x200000e8       0x60 ./Core/Src/main.o
                0x200000e8                hdma_spi1_tx
 .bss.hpcd_USB_OTG_FS
                0x20000148      0x4e4 ./Core/Src/main.o
                0x20000148                hpcd_USB_OTG_FS
 .bss.imu       0x2000062c       0x1c ./Core/Src/main.o
                0x2000062c                imu
 .bss.imu_config
                0x20000648        0x7 ./Core/Src/main.o
                0x20000648                imu_config
 *fill*         0x2000064f        0x1 
 .bss.imu_scaled_data
                0x20000650       0x1c ./Core/Src/main.o
                0x20000650                imu_scaled_data
 .bss.is_imu_initialised
                0x2000066c        0x1 ./Core/Src/main.o
                0x2000066c                is_imu_initialised
 .bss.is_imu_data_ready
                0x2000066d        0x1 ./Core/Src/main.o
                0x2000066d                is_imu_data_ready
 *fill*         0x2000066e        0x2 
 .bss.spi_tx_buffer
                0x20000670      0x100 ./Core/Src/spi_bus.o
 .bss.spi_rx_buffer
                0x20000770      0x100 ./Core/Src/spi_bus.o
 .bss.dma_transfer_complete
                0x20000870        0x1 ./Core/Src/spi_bus.o
 *fill*         0x20000871        0x3 
 .bss.uwTick    0x20000874        0x4 ./Drivers/STM32F4xx_HAL_Driver/Src/stm32f4xx_hal.o
                0x20000874                uwTick
 *(COMMON)
                0x20000878                        . = ALIGN (0x4)
                0x20000878                        _ebss = .
                0x20000878                        __bss_end__ = _ebss

._user_heap_stack
                0x20000878      0x600 load address 0x08004464
                0x20000878                        . = ALIGN (0x8)
                [!provide]                        PROVIDE (end = .)
                0x20000878                        PROVIDE (_end = .)
                0x20000a78                        . = (. + _Min_Heap_Size)
 *fill*         0x20000878      0x200 
                0x20000e78                        . = (. + _Min_Stack_Size)
 *fill*         0x20000a78      0x400 
                0x20000e78                        . = ALIGN (0x8)

/DISCARD/
 libc.a(*)
 libm.a(*)
 libgcc.a(*)

.ARM.attributes
                0x00000000       0x30
 *(.ARM.attributes)
 .ARM.attributes
                0x00000000       0x22 /Applications/STM32CubeIDE.app/Contents/Eclipse/plugins/com.st.stm32cube.ide.mcu.externaltools.gnu-tools-for-stm32.13.3.rel1.macos64_1.0.0.202411102158/tools/bin/../lib/gcc/arm-none-eabi/13.3.1/thumb/v7e-m+fp/hard/crti.o
 .ARM.attributes
                0x00000022       0x34 /Applications/STM32CubeIDE.app/Contents/Eclipse/plugins/com.st.stm32cube.ide.mcu.externaltools.gnu-tools-for-stm32.13.3.rel1.macos64_1.0.0.202411102158/tools/bin/../lib/gcc/arm-none-eabi/13.3.1/thumb/v7e-m+fp/hard/crtbegin.o
 .ARM.attributes
                0x00000056       0x34 ./Core/Src/ICM45686.o
 .ARM.attributes
                0x0000008a       0x34 ./Core/Src/main.o
 .ARM.attributes
                0x000000be       0x34 ./Core/Src/spi_bus.o
 .ARM.attributes
                0x000000f2       0x34 ./Core/Src/stm32f4xx_hal_msp.o
 .ARM.attributes
                0x00000126       0x34 ./Core/Src/stm32f4xx_it.o
 .ARM.attributes
                0x0000015a       0x34 ./Core/Src/system_stm32f4xx.o
 .ARM.attributes
                0x0000018e       0x21 ./Core/Startup/startup_stm32f411ceux.o
 .ARM.attributes
                0x000001af       0x34 ./Drivers/STM32F4xx_HAL_Driver/Src/stm32f4xx_hal.o
 .ARM.attributes
                0x000001e3       0x34 ./Drivers/STM32F4xx_HAL_Driver/Src/stm32f4xx_hal_cortex.o
 .ARM.attributes
                0x00000217       0x34 ./Drivers/STM32F4xx_HAL_Driver/Src/stm32f4xx_hal_crc.o
 .ARM.attributes
                0x0000024b       0x34 ./Drivers/STM32F4xx_HAL_Driver/Src/stm32f4xx_hal_dma.o
 .ARM.attributes
                0x0000027f       0x34 ./Drivers/STM32F4xx_HAL_Driver/Src/stm32f4xx_hal_gpio.o
 .ARM.attributes
                0x000002b3       0x34 ./Drivers/STM32F4xx_HAL_Driver/Src/stm32f4xx_hal_pcd.o
 .ARM.attributes
                0x000002e7       0x34 ./Drivers/STM32F4xx_HAL_Driver/Src/stm32f4xx_hal_rcc.o
 .ARM.attributes
                0x0000031b       0x34 ./Drivers/STM32F4xx_HAL_Driver/Src/stm32f4xx_hal_spi.o
 .ARM.attributes
                0x0000034f       0x34 ./Drivers/STM32F4xx_HAL_Driver/Src/stm32f4xx_ll_usb.o
 .ARM.attributes
                0x00000383       0x34 /Applications/STM32CubeIDE.app/Contents/Eclipse/plugins/com.st.stm32cube.ide.mcu.externaltools.gnu-tools-for-stm32.13.3.rel1.macos64_1.0.0.202411102158/tools/bin/../lib/gcc/arm-none-eabi/13.3.1/../../../../arm-none-eabi/lib/thumb/v7e-m+fp/hard/libc_nano.a(libc_a-memset.o)
 .ARM.attributes
                0x000003b7       0x34 /Applications/STM32CubeIDE.app/Contents/Eclipse/plugins/com.st.stm32cube.ide.mcu.externaltools.gnu-tools-for-stm32.13.3.rel1.macos64_1.0.0.202411102158/tools/bin/../lib/gcc/arm-none-eabi/13.3.1/../../../../arm-none-eabi/lib/thumb/v7e-m+fp/hard/libc_nano.a(libc_a-init.o)
 .ARM.attributes
                0x000003eb       0x34 /Applications/STM32CubeIDE.app/Contents/Eclipse/plugins/com.st.stm32cube.ide.mcu.externaltools.gnu-tools-for-stm32.13.3.rel1.macos64_1.0.0.202411102158/tools/bin/../lib/gcc/arm-none-eabi/13.3.1/../../../../arm-none-eabi/lib/thumb/v7e-m+fp/hard/libc_nano.a(libc_a-memcpy-stub.o)
 .ARM.attributes
                0x0000041f       0x22 /Applications/STM32CubeIDE.app/Contents/Eclipse/plugins/com.st.stm32cube.ide.mcu.externaltools.gnu-tools-for-stm32.13.3.rel1.macos64_1.0.0.202411102158/tools/bin/../lib/gcc/arm-none-eabi/13.3.1/thumb/v7e-m+fp/hard/libgcc.a(_aeabi_uldivmod.o)
 .ARM.attributes
                0x00000441       0x34 /Applications/STM32CubeIDE.app/Contents/Eclipse/plugins/com.st.stm32cube.ide.mcu.externaltools.gnu-tools-for-stm32.13.3.rel1.macos64_1.0.0.202411102158/tools/bin/../lib/gcc/arm-none-eabi/13.3.1/thumb/v7e-m+fp/hard/libgcc.a(_udivmoddi4.o)
 .ARM.attributes
                0x00000475       0x22 /Applications/STM32CubeIDE.app/Contents/Eclipse/plugins/com.st.stm32cube.ide.mcu.externaltools.gnu-tools-for-stm32.13.3.rel1.macos64_1.0.0.202411102158/tools/bin/../lib/gcc/arm-none-eabi/13.3.1/thumb/v7e-m+fp/hard/libgcc.a(_dvmd_tls.o)
 .ARM.attributes
                0x00000497       0x22 /Applications/STM32CubeIDE.app/Contents/Eclipse/plugins/com.st.stm32cube.ide.mcu.externaltools.gnu-tools-for-stm32.13.3.rel1.macos64_1.0.0.202411102158/tools/bin/../lib/gcc/arm-none-eabi/13.3.1/thumb/v7e-m+fp/hard/crtn.o
OUTPUT(OpenAHRSBB.elf elf32-littlearm)
LOAD linker stubs
LOAD /Applications/STM32CubeIDE.app/Contents/Eclipse/plugins/com.st.stm32cube.ide.mcu.externaltools.gnu-tools-for-stm32.13.3.rel1.macos64_1.0.0.202411102158/tools/bin/../lib/gcc/arm-none-eabi/13.3.1/../../../../arm-none-eabi/lib/thumb/v7e-m+fp/hard/libc.a
LOAD /Applications/STM32CubeIDE.app/Contents/Eclipse/plugins/com.st.stm32cube.ide.mcu.externaltools.gnu-tools-for-stm32.13.3.rel1.macos64_1.0.0.202411102158/tools/bin/../lib/gcc/arm-none-eabi/13.3.1/../../../../arm-none-eabi/lib/thumb/v7e-m+fp/hard/libm.a
LOAD /Applications/STM32CubeIDE.app/Contents/Eclipse/plugins/com.st.stm32cube.ide.mcu.externaltools.gnu-tools-for-stm32.13.3.rel1.macos64_1.0.0.202411102158/tools/bin/../lib/gcc/arm-none-eabi/13.3.1/thumb/v7e-m+fp/hard/libgcc.a

.debug_info     0x00000000     0xc31e
 .debug_info    0x00000000      0xf58 ./Core/Src/ICM45686.o
 .debug_info    0x00000f58     0x18b1 ./Core/Src/main.o
 .debug_info    0x00002809      0xb32 ./Core/Src/spi_bus.o
 .debug_info    0x0000333b     0x100a ./Core/Src/stm32f4xx_hal_msp.o
 .debug_info    0x00004345      0x411 ./Core/Src/stm32f4xx_it.o
 .debug_info    0x00004756      0x53e ./Core/Src/system_stm32f4xx.o
 .debug_info    0x00004c94       0x30 ./Core/Startup/startup_stm32f411ceux.o
 .debug_info    0x00004cc4      0x8c4 ./Drivers/STM32F4xx_HAL_Driver/Src/stm32f4xx_hal.o
 .debug_info    0x00005588      0xcfc ./Drivers/STM32F4xx_HAL_Driver/Src/stm32f4xx_hal_cortex.o
 .debug_info    0x00006284      0x37d ./Drivers/STM32F4xx_HAL_Driver/Src/stm32f4xx_hal_crc.o
 .debug_info    0x00006601      0x8e6 ./Drivers/STM32F4xx_HAL_Driver/Src/stm32f4xx_hal_dma.o
 .debug_info    0x00006ee7      0x6f9 ./Drivers/STM32F4xx_HAL_Driver/Src/stm32f4xx_hal_gpio.o
 .debug_info    0x000075e0     0x1577 ./Drivers/STM32F4xx_HAL_Driver/Src/stm32f4xx_hal_pcd.o
 .debug_info    0x00008b57      0x904 ./Drivers/STM32F4xx_HAL_Driver/Src/stm32f4xx_hal_rcc.o
 .debug_info    0x0000945b     0x1530 ./Drivers/STM32F4xx_HAL_Driver/Src/stm32f4xx_hal_spi.o
 .debug_info    0x0000a98b     0x1993 ./Drivers/STM32F4xx_HAL_Driver/Src/stm32f4xx_ll_usb.o

.debug_abbrev   0x00000000     0x2253
 .debug_abbrev  0x00000000      0x274 ./Core/Src/ICM45686.o
 .debug_abbrev  0x00000274      0x317 ./Core/Src/main.o
 .debug_abbrev  0x0000058b      0x241 ./Core/Src/spi_bus.o
 .debug_abbrev  0x000007cc      0x289 ./Core/Src/stm32f4xx_hal_msp.o
 .debug_abbrev  0x00000a55      0x14f ./Core/Src/stm32f4xx_it.o
 .debug_abbrev  0x00000ba4      0x11a ./Core/Src/system_stm32f4xx.o
 .debug_abbrev  0x00000cbe       0x24 ./Core/Startup/startup_stm32f411ceux.o
 .debug_abbrev  0x00000ce2      0x24b ./Drivers/STM32F4xx_HAL_Driver/Src/stm32f4xx_hal.o
 .debug_abbrev  0x00000f2d      0x31d ./Drivers/STM32F4xx_HAL_Driver/Src/stm32f4xx_hal_cortex.o
 .debug_abbrev  0x0000124a      0x180 ./Drivers/STM32F4xx_HAL_Driver/Src/stm32f4xx_hal_crc.o
 .debug_abbrev  0x000013ca      0x221 ./Drivers/STM32F4xx_HAL_Driver/Src/stm32f4xx_hal_dma.o
 .debug_abbrev  0x000015eb      0x1d3 ./Drivers/STM32F4xx_HAL_Driver/Src/stm32f4xx_hal_gpio.o
 .debug_abbrev  0x000017be      0x2b6 ./Drivers/STM32F4xx_HAL_Driver/Src/stm32f4xx_hal_pcd.o
 .debug_abbrev  0x00001a74      0x2b6 ./Drivers/STM32F4xx_HAL_Driver/Src/stm32f4xx_hal_rcc.o
 .debug_abbrev  0x00001d2a      0x276 ./Drivers/STM32F4xx_HAL_Driver/Src/stm32f4xx_hal_spi.o
 .debug_abbrev  0x00001fa0      0x2b3 ./Drivers/STM32F4xx_HAL_Driver/Src/stm32f4xx_ll_usb.o

.debug_aranges  0x00000000      0xb50
 .debug_aranges
                0x00000000       0xb8 ./Core/Src/ICM45686.o
 .debug_aranges
                0x000000b8       0x70 ./Core/Src/main.o
 .debug_aranges
                0x00000128       0x78 ./Core/Src/spi_bus.o
 .debug_aranges
                0x000001a0       0x50 ./Core/Src/stm32f4xx_hal_msp.o
 .debug_aranges
                0x000001f0       0x78 ./Core/Src/stm32f4xx_it.o
 .debug_aranges
                0x00000268       0x28 ./Core/Src/system_stm32f4xx.o
 .debug_aranges
                0x00000290       0x28 ./Core/Startup/startup_stm32f411ceux.o
 .debug_aranges
                0x000002b8       0xf0 ./Drivers/STM32F4xx_HAL_Driver/Src/stm32f4xx_hal.o
 .debug_aranges
                0x000003a8      0x130 ./Drivers/STM32F4xx_HAL_Driver/Src/stm32f4xx_hal_cortex.o
 .debug_aranges
                0x000004d8       0x50 ./Drivers/STM32F4xx_HAL_Driver/Src/stm32f4xx_hal_crc.o
 .debug_aranges
                0x00000528       0x90 ./Drivers/STM32F4xx_HAL_Driver/Src/stm32f4xx_hal_dma.o
 .debug_aranges
                0x000005b8       0x58 ./Drivers/STM32F4xx_HAL_Driver/Src/stm32f4xx_hal_gpio.o
 .debug_aranges
                0x00000610      0x148 ./Drivers/STM32F4xx_HAL_Driver/Src/stm32f4xx_hal_pcd.o
 .debug_aranges
                0x00000758       0x88 ./Drivers/STM32F4xx_HAL_Driver/Src/stm32f4xx_hal_rcc.o
 .debug_aranges
                0x000007e0      0x1d0 ./Drivers/STM32F4xx_HAL_Driver/Src/stm32f4xx_hal_spi.o
 .debug_aranges
                0x000009b0      0x1a0 ./Drivers/STM32F4xx_HAL_Driver/Src/stm32f4xx_ll_usb.o

.debug_rnglists
                0x00000000      0x87f
 .debug_rnglists
                0x00000000       0x8c ./Core/Src/ICM45686.o
 .debug_rnglists
                0x0000008c       0x51 ./Core/Src/main.o
 .debug_rnglists
                0x000000dd       0x56 ./Core/Src/spi_bus.o
 .debug_rnglists
                0x00000133       0x39 ./Core/Src/stm32f4xx_hal_msp.o
 .debug_rnglists
                0x0000016c       0x55 ./Core/Src/stm32f4xx_it.o
 .debug_rnglists
                0x000001c1       0x1a ./Core/Src/system_stm32f4xx.o
 .debug_rnglists
                0x000001db       0x19 ./Core/Startup/startup_stm32f411ceux.o
 .debug_rnglists
                0x000001f4       0xaf ./Drivers/STM32F4xx_HAL_Driver/Src/stm32f4xx_hal.o
 .debug_rnglists
                0x000002a3       0xe0 ./Drivers/STM32F4xx_HAL_Driver/Src/stm32f4xx_hal_cortex.o
 .debug_rnglists
                0x00000383       0x37 ./Drivers/STM32F4xx_HAL_Driver/Src/stm32f4xx_hal_crc.o
 .debug_rnglists
                0x000003ba       0x70 ./Drivers/STM32F4xx_HAL_Driver/Src/stm32f4xx_hal_dma.o
 .debug_rnglists
                0x0000042a       0x3f ./Drivers/STM32F4xx_HAL_Driver/Src/stm32f4xx_hal_gpio.o
 .debug_rnglists
                0x00000469       0xfa ./Drivers/STM32F4xx_HAL_Driver/Src/stm32f4xx_hal_pcd.o
 .debug_rnglists
                0x00000563       0x66 ./Drivers/STM32F4xx_HAL_Driver/Src/stm32f4xx_hal_rcc.o
 .debug_rnglists
                0x000005c9      0x16f ./Drivers/STM32F4xx_HAL_Driver/Src/stm32f4xx_hal_spi.o
 .debug_rnglists
                0x00000738      0x147 ./Drivers/STM32F4xx_HAL_Driver/Src/stm32f4xx_ll_usb.o

.debug_macro    0x00000000    0x1687b
 .debug_macro   0x00000000      0x306 ./Core/Src/ICM45686.o
 .debug_macro   0x00000306      0xad8 ./Core/Src/ICM45686.o
 .debug_macro   0x00000dde      0x2a1 ./Core/Src/ICM45686.o
 .debug_macro   0x0000107f       0x2e ./Core/Src/ICM45686.o
 .debug_macro   0x000010ad       0x28 ./Core/Src/ICM45686.o
 .debug_macro   0x000010d5       0x22 ./Core/Src/ICM45686.o
 .debug_macro   0x000010f7       0x8e ./Core/Src/ICM45686.o
 .debug_macro   0x00001185       0x51 ./Core/Src/ICM45686.o
 .debug_macro   0x000011d6      0x103 ./Core/Src/ICM45686.o
 .debug_macro   0x000012d9       0x6a ./Core/Src/ICM45686.o
 .debug_macro   0x00001343      0x1df ./Core/Src/ICM45686.o
 .debug_macro   0x00001522       0x1c ./Core/Src/ICM45686.o
 .debug_macro   0x0000153e       0x22 ./Core/Src/ICM45686.o
 .debug_macro   0x00001560       0xfb ./Core/Src/ICM45686.o
 .debug_macro   0x0000165b     0x1011 ./Core/Src/ICM45686.o
 .debug_macro   0x0000266c      0x11f ./Core/Src/ICM45686.o
 .debug_macro   0x0000278b     0xb968 ./Core/Src/ICM45686.o
 .debug_macro   0x0000e0f3       0x6d ./Core/Src/ICM45686.o
 .debug_macro   0x0000e160     0x3693 ./Core/Src/ICM45686.o
 .debug_macro   0x000117f3      0x190 ./Core/Src/ICM45686.o
 .debug_macro   0x00011983       0x5c ./Core/Src/ICM45686.o
 .debug_macro   0x000119df      0x45c ./Core/Src/ICM45686.o
 .debug_macro   0x00011e3b      0x9e9 ./Core/Src/ICM45686.o
 .debug_macro   0x00012824      0x115 ./Core/Src/ICM45686.o
 .debug_macro   0x00012939      0x11b ./Core/Src/ICM45686.o
 .debug_macro   0x00012a54       0xa5 ./Core/Src/ICM45686.o
 .debug_macro   0x00012af9      0x15f ./Core/Src/ICM45686.o
 .debug_macro   0x00012c58      0x287 ./Core/Src/ICM45686.o
 .debug_macro   0x00012edf       0x5f ./Core/Src/ICM45686.o
 .debug_macro   0x00012f3e      0x236 ./Core/Src/ICM45686.o
 .debug_macro   0x00013174       0x22 ./Core/Src/ICM45686.o
 .debug_macro   0x00013196      0x132 ./Core/Src/ICM45686.o
 .debug_macro   0x000132c8      0x264 ./Core/Src/ICM45686.o
 .debug_macro   0x0001352c       0x2e ./Core/Src/ICM45686.o
 .debug_macro   0x0001355a      0x127 ./Core/Src/ICM45686.o
 .debug_macro   0x00013681       0x85 ./Core/Src/ICM45686.o
 .debug_macro   0x00013706       0x89 ./Core/Src/ICM45686.o
 .debug_macro   0x0001378f      0x225 ./Core/Src/ICM45686.o
 .debug_macro   0x000139b4      0x293 ./Core/Src/ICM45686.o
 .debug_macro   0x00013c47       0xba ./Core/Src/ICM45686.o
 .debug_macro   0x00013d01      0x126 ./Core/Src/ICM45686.o
 .debug_macro   0x00013e27       0x22 ./Core/Src/ICM45686.o
 .debug_macro   0x00013e49       0x2e ./Core/Src/ICM45686.o
 .debug_macro   0x00013e77      0x1d7 ./Core/Src/ICM45686.o
 .debug_macro   0x0001404e       0x61 ./Core/Src/ICM45686.o
 .debug_macro   0x000140af       0x2a ./Core/Src/ICM45686.o
 .debug_macro   0x000140d9       0x43 ./Core/Src/ICM45686.o
 .debug_macro   0x0001411c       0x34 ./Core/Src/ICM45686.o
 .debug_macro   0x00014150      0x370 ./Core/Src/ICM45686.o
 .debug_macro   0x000144c0       0x16 ./Core/Src/ICM45686.o
 .debug_macro   0x000144d6       0x4a ./Core/Src/ICM45686.o
 .debug_macro   0x00014520       0x34 ./Core/Src/ICM45686.o
 .debug_macro   0x00014554       0x10 ./Core/Src/ICM45686.o
 .debug_macro   0x00014564       0x58 ./Core/Src/ICM45686.o
 .debug_macro   0x000145bc       0x8e ./Core/Src/ICM45686.o
 .debug_macro   0x0001464a       0x1c ./Core/Src/ICM45686.o
 .debug_macro   0x00014666      0x185 ./Core/Src/ICM45686.o
 .debug_macro   0x000147eb       0x10 ./Core/Src/ICM45686.o
 .debug_macro   0x000147fb       0x3c ./Core/Src/ICM45686.o
 .debug_macro   0x00014837       0x20 ./Core/Src/ICM45686.o
 .debug_macro   0x00014857      0x19b ./Core/Src/ICM45686.o
 .debug_macro   0x000149f2      0x227 ./Core/Src/main.o
 .debug_macro   0x00014c19       0x3a ./Core/Src/main.o
 .debug_macro   0x00014c53      0x1a7 ./Core/Src/main.o
 .debug_macro   0x00014dfa      0x2ce ./Core/Src/spi_bus.o
 .debug_macro   0x000150c8      0x1f7 ./Core/Src/stm32f4xx_hal_msp.o
 .debug_macro   0x000152bf      0x201 ./Core/Src/stm32f4xx_it.o
 .debug_macro   0x000154c0      0x1e8 ./Core/Src/system_stm32f4xx.o
 .debug_macro   0x000156a8      0x248 ./Drivers/STM32F4xx_HAL_Driver/Src/stm32f4xx_hal.o
 .debug_macro   0x000158f0      0x1e8 ./Drivers/STM32F4xx_HAL_Driver/Src/stm32f4xx_hal_cortex.o
 .debug_macro   0x00015ad8      0x1e8 ./Drivers/STM32F4xx_HAL_Driver/Src/stm32f4xx_hal_crc.o
 .debug_macro   0x00015cc0      0x1ee ./Drivers/STM32F4xx_HAL_Driver/Src/stm32f4xx_hal_dma.o
 .debug_macro   0x00015eae      0x1ee ./Drivers/STM32F4xx_HAL_Driver/Src/stm32f4xx_hal_gpio.o
 .debug_macro   0x0001609c      0x1f4 ./Drivers/STM32F4xx_HAL_Driver/Src/stm32f4xx_hal_pcd.o
 .debug_macro   0x00016290      0x20c ./Drivers/STM32F4xx_HAL_Driver/Src/stm32f4xx_hal_rcc.o
 .debug_macro   0x0001649c      0x1f7 ./Drivers/STM32F4xx_HAL_Driver/Src/stm32f4xx_hal_spi.o
 .debug_macro   0x00016693      0x1e8 ./Drivers/STM32F4xx_HAL_Driver/Src/stm32f4xx_ll_usb.o

.debug_line     0x00000000     0xcfcd
 .debug_line    0x00000000      0xebd ./Core/Src/ICM45686.o
 .debug_line    0x00000ebd      0x949 ./Core/Src/main.o
 .debug_line    0x00001806      0xa88 ./Core/Src/spi_bus.o
 .debug_line    0x0000228e      0x831 ./Core/Src/stm32f4xx_hal_msp.o
 .debug_line    0x00002abf      0x7fe ./Core/Src/stm32f4xx_it.o
 .debug_line    0x000032bd      0x77d ./Core/Src/system_stm32f4xx.o
 .debug_line    0x00003a3a       0x7a ./Core/Startup/startup_stm32f411ceux.o
 .debug_line    0x00003ab4      0x9f9 ./Drivers/STM32F4xx_HAL_Driver/Src/stm32f4xx_hal.o
 .debug_line    0x000044ad      0xcc9 ./Drivers/STM32F4xx_HAL_Driver/Src/stm32f4xx_hal_cortex.o
 .debug_line    0x00005176      0x82e ./Drivers/STM32F4xx_HAL_Driver/Src/stm32f4xx_hal_crc.o
 .debug_line    0x000059a4      0xf65 ./Drivers/STM32F4xx_HAL_Driver/Src/stm32f4xx_hal_dma.o
 .debug_line    0x00006909      0xb15 ./Drivers/STM32F4xx_HAL_Driver/Src/stm32f4xx_hal_gpio.o
 .debug_line    0x0000741e     0x1444 ./Drivers/STM32F4xx_HAL_Driver/Src/stm32f4xx_hal_pcd.o
 .debug_line    0x00008862      0xe06 ./Drivers/STM32F4xx_HAL_Driver/Src/stm32f4xx_hal_rcc.o
 .debug_line    0x00009668     0x1c94 ./Drivers/STM32F4xx_HAL_Driver/Src/stm32f4xx_hal_spi.o
 .debug_line    0x0000b2fc     0x1cd1 ./Drivers/STM32F4xx_HAL_Driver/Src/stm32f4xx_ll_usb.o

.debug_str      0x00000000    0x892a3
 .debug_str     0x00000000    0x892a3 ./Core/Src/ICM45686.o
                              0x85a04 (size before relaxing)
 .debug_str     0x000892a3    0x8328e ./Core/Src/main.o
 .debug_str     0x000892a3    0x845bd ./Core/Src/spi_bus.o
 .debug_str     0x000892a3    0x8174f ./Core/Src/stm32f4xx_hal_msp.o
 .debug_str     0x000892a3    0x80fe8 ./Core/Src/stm32f4xx_it.o
 .debug_str     0x000892a3    0x80d56 ./Core/Src/system_stm32f4xx.o
 .debug_str     0x000892a3       0x91 ./Core/Startup/startup_stm32f411ceux.o
 .debug_str     0x000892a3    0x81782 ./Drivers/STM32F4xx_HAL_Driver/Src/stm32f4xx_hal.o
 .debug_str     0x000892a3    0x814ec ./Drivers/STM32F4xx_HAL_Driver/Src/stm32f4xx_hal_cortex.o
 .debug_str     0x000892a3    0x80d72 ./Drivers/STM32F4xx_HAL_Driver/Src/stm32f4xx_hal_crc.o
 .debug_str     0x000892a3    0x8115e ./Drivers/STM32F4xx_HAL_Driver/Src/stm32f4xx_hal_dma.o
 .debug_str     0x000892a3    0x80ed1 ./Drivers/STM32F4xx_HAL_Driver/Src/stm32f4xx_hal_gpio.o
 .debug_str     0x000892a3    0x81822 ./Drivers/STM32F4xx_HAL_Driver/Src/stm32f4xx_hal_pcd.o
 .debug_str     0x000892a3    0x8118a ./Drivers/STM32F4xx_HAL_Driver/Src/stm32f4xx_hal_rcc.o
 .debug_str     0x000892a3    0x81602 ./Drivers/STM32F4xx_HAL_Driver/Src/stm32f4xx_hal_spi.o
 .debug_str     0x000892a3    0x816fd ./Drivers/STM32F4xx_HAL_Driver/Src/stm32f4xx_ll_usb.o

.comment        0x00000000       0x43
 .comment       0x00000000       0x43 ./Core/Src/ICM45686.o
                                 0x44 (size before relaxing)
 .comment       0x00000043       0x44 ./Core/Src/main.o
 .comment       0x00000043       0x44 ./Core/Src/spi_bus.o
 .comment       0x00000043       0x44 ./Core/Src/stm32f4xx_hal_msp.o
 .comment       0x00000043       0x44 ./Core/Src/stm32f4xx_it.o
 .comment       0x00000043       0x44 ./Core/Src/system_stm32f4xx.o
 .comment       0x00000043       0x44 ./Drivers/STM32F4xx_HAL_Driver/Src/stm32f4xx_hal.o
 .comment       0x00000043       0x44 ./Drivers/STM32F4xx_HAL_Driver/Src/stm32f4xx_hal_cortex.o
 .comment       0x00000043       0x44 ./Drivers/STM32F4xx_HAL_Driver/Src/stm32f4xx_hal_crc.o
 .comment       0x00000043       0x44 ./Drivers/STM32F4xx_HAL_Driver/Src/stm32f4xx_hal_dma.o
 .comment       0x00000043       0x44 ./Drivers/STM32F4xx_HAL_Driver/Src/stm32f4xx_hal_gpio.o
 .comment       0x00000043       0x44 ./Drivers/STM32F4xx_HAL_Driver/Src/stm32f4xx_hal_pcd.o
 .comment       0x00000043       0x44 ./Drivers/STM32F4xx_HAL_Driver/Src/stm32f4xx_hal_rcc.o
 .comment       0x00000043       0x44 ./Drivers/STM32F4xx_HAL_Driver/Src/stm32f4xx_hal_spi.o
 .comment       0x00000043       0x44 ./Drivers/STM32F4xx_HAL_Driver/Src/stm32f4xx_ll_usb.o

.debug_frame    0x00000000     0x2e98
 .debug_frame   0x00000000      0x2f0 ./Core/Src/ICM45686.o
 .debug_frame   0x000002f0      0x174 ./Core/Src/main.o
 .debug_frame   0x00000464      0x1cc ./Core/Src/spi_bus.o
 .debug_frame   0x00000630      0x118 ./Core/Src/stm32f4xx_hal_msp.o
 .debug_frame   0x00000748      0x158 ./Core/Src/stm32f4xx_it.o
 .debug_frame   0x000008a0       0x58 ./Core/Src/system_stm32f4xx.o
 .debug_frame   0x000008f8      0x374 ./Drivers/STM32F4xx_HAL_Driver/Src/stm32f4xx_hal.o
 .debug_frame   0x00000c6c      0x508 ./Drivers/STM32F4xx_HAL_Driver/Src/stm32f4xx_hal_cortex.o
 .debug_frame   0x00001174      0x120 ./Drivers/STM32F4xx_HAL_Driver/Src/stm32f4xx_hal_crc.o
 .debug_frame   0x00001294      0x250 ./Drivers/STM32F4xx_HAL_Driver/Src/stm32f4xx_hal_dma.o
 .debug_frame   0x000014e4      0x14c ./Drivers/STM32F4xx_HAL_Driver/Src/stm32f4xx_hal_gpio.o
 .debug_frame   0x00001630      0x5b8 ./Drivers/STM32F4xx_HAL_Driver/Src/stm32f4xx_hal_pcd.o
 .debug_frame   0x00001be8      0x1f4 ./Drivers/STM32F4xx_HAL_Driver/Src/stm32f4xx_hal_rcc.o
 .debug_frame   0x00001ddc      0x828 ./Drivers/STM32F4xx_HAL_Driver/Src/stm32f4xx_hal_spi.o
 .debug_frame   0x00002604      0x7c0 ./Drivers/STM32F4xx_HAL_Driver/Src/stm32f4xx_ll_usb.o
 .debug_frame   0x00002dc4       0x20 /Applications/STM32CubeIDE.app/Contents/Eclipse/plugins/com.st.stm32cube.ide.mcu.externaltools.gnu-tools-for-stm32.13.3.rel1.macos64_1.0.0.202411102158/tools/bin/../lib/gcc/arm-none-eabi/13.3.1/../../../../arm-none-eabi/lib/thumb/v7e-m+fp/hard/libc_nano.a(libc_a-memset.o)
 .debug_frame   0x00002de4       0x2c /Applications/STM32CubeIDE.app/Contents/Eclipse/plugins/com.st.stm32cube.ide.mcu.externaltools.gnu-tools-for-stm32.13.3.rel1.macos64_1.0.0.202411102158/tools/bin/../lib/gcc/arm-none-eabi/13.3.1/../../../../arm-none-eabi/lib/thumb/v7e-m+fp/hard/libc_nano.a(libc_a-init.o)
 .debug_frame   0x00002e10       0x28 /Applications/STM32CubeIDE.app/Contents/Eclipse/plugins/com.st.stm32cube.ide.mcu.externaltools.gnu-tools-for-stm32.13.3.rel1.macos64_1.0.0.202411102158/tools/bin/../lib/gcc/arm-none-eabi/13.3.1/../../../../arm-none-eabi/lib/thumb/v7e-m+fp/hard/libc_nano.a(libc_a-memcpy-stub.o)
 .debug_frame   0x00002e38       0x2c /Applications/STM32CubeIDE.app/Contents/Eclipse/plugins/com.st.stm32cube.ide.mcu.externaltools.gnu-tools-for-stm32.13.3.rel1.macos64_1.0.0.202411102158/tools/bin/../lib/gcc/arm-none-eabi/13.3.1/thumb/v7e-m+fp/hard/libgcc.a(_aeabi_uldivmod.o)
 .debug_frame   0x00002e64       0x34 /Applications/STM32CubeIDE.app/Contents/Eclipse/plugins/com.st.stm32cube.ide.mcu.externaltools.gnu-tools-for-stm32.13.3.rel1.macos64_1.0.0.202411102158/tools/bin/../lib/gcc/arm-none-eabi/13.3.1/thumb/v7e-m+fp/hard/libgcc.a(_udivmoddi4.o)

.debug_line_str
                0x00000000       0x75
 .debug_line_str
                0x00000000       0x75 ./Core/Startup/startup_stm32f411ceux.o
