../Core/Src/main.c:87:6:imu_init	24	static
../Core/Src/main.c:118:5:main	8	static
../Core/Src/main.c:171:6:SystemClock_Config	88	static
../Core/Src/main.c:217:13:MX_CRC_Init	8	static
../Core/Src/main.c:243:13:MX_SPI1_Init	8	static
../Core/Src/main.c:281:13:MX_USB_OTG_FS_PCD_Init	8	static
../Core/Src/main.c:314:13:MX_DMA_Init	16	static
../Core/Src/main.c:335:13:MX_GPIO_Init	48	static
../Core/Src/main.c:374:6:HAL_GPIO_EXTI_Callback	16	static
../Core/Src/main.c:388:6:Error_Handler	4	static,ignoring_inline_asm
