../Core/Src/main.c:99:6:imu_init	24	static
../Core/Src/main.c:127:6:mag_init	16	static
../Core/Src/main.c:159:5:main	8	static
../Core/Src/main.c:215:6:SystemClock_Config	88	static
../Core/Src/main.c:261:13:MX_CRC_Init	8	static
../Core/Src/main.c:287:13:MX_SPI1_Init	8	static
../Core/Src/main.c:325:13:MX_USB_OTG_FS_PCD_Init	8	static
../Core/Src/main.c:358:13:MX_DMA_Init	16	static
../Core/Src/main.c:379:13:MX_GPIO_Init	48	static
../Core/Src/main.c:418:6:HAL_GPIO_EXTI_Callback	16	static
../Core/Src/main.c:432:6:Error_Handler	4	static,ignoring_inline_asm
